../Core/Src/main.c:163:5:main	2
../Core/Src/main.c:257:6:SystemClock_Config	3
../Core/Src/main.c:303:13:MX_CRC_Init	2
../Core/Src/main.c:329:13:MX_DMA2D_Init	3
../Core/Src/main.c:366:13:MX_I2C3_Init	4
../Core/Src/main.c:414:13:MX_LTDC_Init	4
../Core/Src/main.c:496:13:MX_SPI4_Init	2
../Core/Src/main.c:534:13:MX_SPI5_Init	2
../Core/Src/main.c:572:13:MX_TIM1_Init	4
../Core/Src/main.c:618:13:MX_USART1_UART_Init	2
../Core/Src/main.c:647:13:MX_FMC_Init	2
../Core/Src/main.c:698:13:MX_GPIO_Init	1
../Core/Src/main.c:892:13:LCD_WriteCommand	1
../Core/Src/main.c:900:13:LCD_WriteData	1
../Core/Src/main.c:908:13:LCD_WriteData16	1
../Core/Src/main.c:919:13:LCD_Init	1
../Core/Src/main.c:1007:13:LCD_SetWindow	1
../Core/Src/main.c:1020:13:LCD_FillRect	2
../Core/Src/main.c:1033:13:LCD_FillScreen	1
../Core/Src/main.c:1038:13:LCD_DrawPixel	1
../Core/Src/main.c:1044:13:LCD_DrawLine	7
../Core/Src/main.c:1060:13:LCD_DrawRect	1
../Core/Src/main.c:1068:13:LCD_DrawChar	8
../Core/Src/main.c:1091:13:LCD_DrawString	2
../Core/Src/main.c:1105:13:SPI_Demo_Display	11
../Core/Src/main.c:1176:6:StartDefaultTask	1
../Core/Src/main.c:1210:6:Error_Handler	1
