../Core/Src/stm32f4xx_hal_msp.c:63:6:HAL_MspInit	16	static
../Core/Src/stm32f4xx_hal_msp.c:86:6:HAL_DMA2D_MspInit	24	static
../Core/Src/stm32f4xx_hal_msp.c:109:6:HAL_DMA2D_MspDeInit	16	static
../Core/Src/stm32f4xx_hal_msp.c:131:6:HAL_I2C_MspInit	48	static
../Core/Src/stm32f4xx_hal_msp.c:176:6:HAL_I2C_MspDeInit	16	static
../Core/Src/stm32f4xx_hal_msp.c:207:6:HAL_LTDC_MspInit	112	static
../Core/Src/stm32f4xx_hal_msp.c:330:6:HAL_LTDC_MspDeInit	16	static
../Core/Src/stm32f4xx_hal_msp.c:390:6:HAL_SPI_MspInit	48	static
../Core/Src/stm32f4xx_hal_msp.c:428:6:HAL_SPI_MspDeInit	16	static
../Core/Src/stm32f4xx_hal_msp.c:454:13:HAL_FMC_MspInit	32	static
../Core/Src/stm32f4xx_hal_msp.c:559:6:HAL_SDRAM_MspInit	16	static
../Core/Src/stm32f4xx_hal_msp.c:571:13:HAL_FMC_MspDeInit	8	static
../Core/Src/stm32f4xx_hal_msp.c:644:6:HAL_SDRAM_MspDeInit	16	static
