../Core/Src/stm32f429i_discovery_lcd.c:133:9:BSP_LCD_Init	8	static
../Core/Src/stm32f429i_discovery_lcd.c:216:10:BSP_LCD_GetXSize	8	static
../Core/Src/stm32f429i_discovery_lcd.c:225:10:BSP_LCD_GetYSize	8	static
../Core/Src/stm32f429i_discovery_lcd.c:235:6:BSP_LCD_LayerDefaultInit	72	static
../Core/Src/stm32f429i_discovery_lcd.c:270:6:BSP_LCD_SelectLayer	16	static
../Core/Src/stm32f429i_discovery_lcd.c:281:6:BSP_LCD_SetLayerVisible	16	static
../Core/Src/stm32f429i_discovery_lcd.c:303:6:BSP_LCD_SetLayerVisible_NoReload	16	static
../Core/Src/stm32f429i_discovery_lcd.c:322:6:BSP_LCD_SetTransparency	16	static
../Core/Src/stm32f429i_discovery_lcd.c:334:6:BSP_LCD_SetTransparency_NoReload	16	static
../Core/Src/stm32f429i_discovery_lcd.c:344:6:BSP_LCD_SetLayerAddress	16	static
../Core/Src/stm32f429i_discovery_lcd.c:355:6:BSP_LCD_SetLayerAddress_NoReload	16	static
../Core/Src/stm32f429i_discovery_lcd.c:368:6:BSP_LCD_SetLayerWindow	24	static
../Core/Src/stm32f429i_discovery_lcd.c:386:6:BSP_LCD_SetLayerWindow_NoReload	24	static
../Core/Src/stm32f429i_discovery_lcd.c:400:6:BSP_LCD_SetColorKeying	16	static
../Core/Src/stm32f429i_discovery_lcd.c:413:6:BSP_LCD_SetColorKeying_NoReload	16	static
../Core/Src/stm32f429i_discovery_lcd.c:424:6:BSP_LCD_ResetColorKeying	16	static
../Core/Src/stm32f429i_discovery_lcd.c:435:6:BSP_LCD_ResetColorKeying_NoReload	16	static
../Core/Src/stm32f429i_discovery_lcd.c:448:6:BSP_LCD_Relaod	16	static
../Core/Src/stm32f429i_discovery_lcd.c:457:10:BSP_LCD_GetTextColor	4	static
../Core/Src/stm32f429i_discovery_lcd.c:466:10:BSP_LCD_GetBackColor	4	static
../Core/Src/stm32f429i_discovery_lcd.c:475:6:BSP_LCD_SetTextColor	16	static
../Core/Src/stm32f429i_discovery_lcd.c:484:6:BSP_LCD_SetBackColor	16	static
../Core/Src/stm32f429i_discovery_lcd.c:493:6:BSP_LCD_SetFont	16	static
../Core/Src/stm32f429i_discovery_lcd.c:502:8:BSP_LCD_GetFont	4	static
../Core/Src/stm32f429i_discovery_lcd.c:513:10:BSP_LCD_ReadPixel	32	static
../Core/Src/stm32f429i_discovery_lcd.c:547:6:BSP_LCD_Clear	40	static
../Core/Src/stm32f429i_discovery_lcd.c:558:6:BSP_LCD_ClearStringLine	32	static
../Core/Src/stm32f429i_discovery_lcd.c:577:6:BSP_LCD_DisplayChar	24	static
../Core/Src/stm32f429i_discovery_lcd.c:594:6:BSP_LCD_DisplayStringAt	48	static
../Core/Src/stm32f429i_discovery_lcd.c:649:6:BSP_LCD_DisplayStringAtLine	16	static
../Core/Src/stm32f429i_discovery_lcd.c:660:6:BSP_LCD_DrawHLine	40	static
../Core/Src/stm32f429i_discovery_lcd.c:677:6:BSP_LCD_DrawVLine	48	static
../Core/Src/stm32f429i_discovery_lcd.c:695:6:BSP_LCD_DrawLine	56	static
../Core/Src/stm32f429i_discovery_lcd.c:769:6:BSP_LCD_DrawRect	24	static
../Core/Src/stm32f429i_discovery_lcd.c:786:6:BSP_LCD_DrawCircle	40	static
../Core/Src/stm32f429i_discovery_lcd.c:825:6:BSP_LCD_DrawPolygon	32	static
../Core/Src/stm32f429i_discovery_lcd.c:852:6:BSP_LCD_DrawEllipse	64	static
../Core/Src/stm32f429i_discovery_lcd.c:885:6:BSP_LCD_DrawBitmap	56	static
../Core/Src/stm32f429i_discovery_lcd.c:942:6:BSP_LCD_FillRect	48	static
../Core/Src/stm32f429i_discovery_lcd.c:963:6:BSP_LCD_FillCircle	32	static
../Core/Src/stm32f429i_discovery_lcd.c:1014:6:BSP_LCD_FillTriangle	56	static
../Core/Src/stm32f429i_discovery_lcd.c:1087:6:BSP_LCD_FillPolygon	64	static
../Core/Src/stm32f429i_discovery_lcd.c:1155:6:BSP_LCD_FillEllipse	56	static
../Core/Src/stm32f429i_discovery_lcd.c:1182:6:BSP_LCD_DisplayOn	8	static
../Core/Src/stm32f429i_discovery_lcd.c:1193:6:BSP_LCD_DisplayOff	8	static
../Core/Src/stm32f429i_discovery_lcd.c:1208:13:BSP_LCD_MspInit	64	static
../Core/Src/stm32f429i_discovery_lcd.c:1292:6:BSP_LCD_DrawPixel	24	static
../Core/Src/stm32f429i_discovery_lcd.c:1304:13:DrawChar	40	static
../Core/Src/stm32f429i_discovery_lcd.c:1361:13:FillBuffer	32	static
../Core/Src/stm32f429i_discovery_lcd.c:1393:13:ConvertLineToARGB8888	32	static
