Archive member included to satisfy reference by file (symbol)

C:/ST/STM32CubeIDE_2.0.0/STM32CubeIDE/plugins/com.st.stm32cube.ide.mcu.externaltools.gnu-tools-for-stm32.13.3.rel1.win32_1.0.100.202509120712/tools/bin/../lib/gcc/arm-none-eabi/13.3.1/../../../../arm-none-eabi/lib/thumb/v7e-m+fp/hard\libc_nano.a(libc_a-exit.o)
                              C:/ST/STM32CubeIDE_2.0.0/STM32CubeIDE/plugins/com.st.stm32cube.ide.mcu.externaltools.gnu-tools-for-stm32.13.3.rel1.win32_1.0.100.202509120712/tools/bin/../lib/gcc/arm-none-eabi/13.3.1/../../../../arm-none-eabi/lib/thumb/v7e-m+fp/hard/crt0.o (exit)
C:/ST/STM32CubeIDE_2.0.0/STM32CubeIDE/plugins/com.st.stm32cube.ide.mcu.externaltools.gnu-tools-for-stm32.13.3.rel1.win32_1.0.100.202509120712/tools/bin/../lib/gcc/arm-none-eabi/13.3.1/../../../../arm-none-eabi/lib/thumb/v7e-m+fp/hard\libc_nano.a(libc_a-findfp.o)
                              C:/ST/STM32CubeIDE_2.0.0/STM32CubeIDE/plugins/com.st.stm32cube.ide.mcu.externaltools.gnu-tools-for-stm32.13.3.rel1.win32_1.0.100.202509120712/tools/bin/../lib/gcc/arm-none-eabi/13.3.1/../../../../arm-none-eabi/lib/thumb/v7e-m+fp/hard\libc_nano.a(libc_a-exit.o) (__stdio_exit_handler)
C:/ST/STM32CubeIDE_2.0.0/STM32CubeIDE/plugins/com.st.stm32cube.ide.mcu.externaltools.gnu-tools-for-stm32.13.3.rel1.win32_1.0.100.202509120712/tools/bin/../lib/gcc/arm-none-eabi/13.3.1/../../../../arm-none-eabi/lib/thumb/v7e-m+fp/hard\libc_nano.a(libc_a-fwalk.o)
                              C:/ST/STM32CubeIDE_2.0.0/STM32CubeIDE/plugins/com.st.stm32cube.ide.mcu.externaltools.gnu-tools-for-stm32.13.3.rel1.win32_1.0.100.202509120712/tools/bin/../lib/gcc/arm-none-eabi/13.3.1/../../../../arm-none-eabi/lib/thumb/v7e-m+fp/hard\libc_nano.a(libc_a-findfp.o) (_fwalk_sglue)
C:/ST/STM32CubeIDE_2.0.0/STM32CubeIDE/plugins/com.st.stm32cube.ide.mcu.externaltools.gnu-tools-for-stm32.13.3.rel1.win32_1.0.100.202509120712/tools/bin/../lib/gcc/arm-none-eabi/13.3.1/../../../../arm-none-eabi/lib/thumb/v7e-m+fp/hard\libc_nano.a(libc_a-sprintf.o)
                              ./Core/Src/main.o (sprintf)
C:/ST/STM32CubeIDE_2.0.0/STM32CubeIDE/plugins/com.st.stm32cube.ide.mcu.externaltools.gnu-tools-for-stm32.13.3.rel1.win32_1.0.100.202509120712/tools/bin/../lib/gcc/arm-none-eabi/13.3.1/../../../../arm-none-eabi/lib/thumb/v7e-m+fp/hard\libc_nano.a(libc_a-stdio.o)
                              C:/ST/STM32CubeIDE_2.0.0/STM32CubeIDE/plugins/com.st.stm32cube.ide.mcu.externaltools.gnu-tools-for-stm32.13.3.rel1.win32_1.0.100.202509120712/tools/bin/../lib/gcc/arm-none-eabi/13.3.1/../../../../arm-none-eabi/lib/thumb/v7e-m+fp/hard\libc_nano.a(libc_a-findfp.o) (__sread)
C:/ST/STM32CubeIDE_2.0.0/STM32CubeIDE/plugins/com.st.stm32cube.ide.mcu.externaltools.gnu-tools-for-stm32.13.3.rel1.win32_1.0.100.202509120712/tools/bin/../lib/gcc/arm-none-eabi/13.3.1/../../../../arm-none-eabi/lib/thumb/v7e-m+fp/hard\libc_nano.a(libc_a-memset.o)
                              C:/ST/STM32CubeIDE_2.0.0/STM32CubeIDE/plugins/com.st.stm32cube.ide.mcu.externaltools.gnu-tools-for-stm32.13.3.rel1.win32_1.0.100.202509120712/tools/bin/../lib/gcc/arm-none-eabi/13.3.1/../../../../arm-none-eabi/lib/thumb/v7e-m+fp/hard/crt0.o (memset)
C:/ST/STM32CubeIDE_2.0.0/STM32CubeIDE/plugins/com.st.stm32cube.ide.mcu.externaltools.gnu-tools-for-stm32.13.3.rel1.win32_1.0.100.202509120712/tools/bin/../lib/gcc/arm-none-eabi/13.3.1/../../../../arm-none-eabi/lib/thumb/v7e-m+fp/hard\libc_nano.a(libc_a-closer.o)
                              C:/ST/STM32CubeIDE_2.0.0/STM32CubeIDE/plugins/com.st.stm32cube.ide.mcu.externaltools.gnu-tools-for-stm32.13.3.rel1.win32_1.0.100.202509120712/tools/bin/../lib/gcc/arm-none-eabi/13.3.1/../../../../arm-none-eabi/lib/thumb/v7e-m+fp/hard\libc_nano.a(libc_a-stdio.o) (_close_r)
C:/ST/STM32CubeIDE_2.0.0/STM32CubeIDE/plugins/com.st.stm32cube.ide.mcu.externaltools.gnu-tools-for-stm32.13.3.rel1.win32_1.0.100.202509120712/tools/bin/../lib/gcc/arm-none-eabi/13.3.1/../../../../arm-none-eabi/lib/thumb/v7e-m+fp/hard\libc_nano.a(libc_a-reent.o)
                              C:/ST/STM32CubeIDE_2.0.0/STM32CubeIDE/plugins/com.st.stm32cube.ide.mcu.externaltools.gnu-tools-for-stm32.13.3.rel1.win32_1.0.100.202509120712/tools/bin/../lib/gcc/arm-none-eabi/13.3.1/../../../../arm-none-eabi/lib/thumb/v7e-m+fp/hard\libc_nano.a(libc_a-closer.o) (errno)
C:/ST/STM32CubeIDE_2.0.0/STM32CubeIDE/plugins/com.st.stm32cube.ide.mcu.externaltools.gnu-tools-for-stm32.13.3.rel1.win32_1.0.100.202509120712/tools/bin/../lib/gcc/arm-none-eabi/13.3.1/../../../../arm-none-eabi/lib/thumb/v7e-m+fp/hard\libc_nano.a(libc_a-impure.o)
                              C:/ST/STM32CubeIDE_2.0.0/STM32CubeIDE/plugins/com.st.stm32cube.ide.mcu.externaltools.gnu-tools-for-stm32.13.3.rel1.win32_1.0.100.202509120712/tools/bin/../lib/gcc/arm-none-eabi/13.3.1/../../../../arm-none-eabi/lib/thumb/v7e-m+fp/hard\libc_nano.a(libc_a-sprintf.o) (_impure_ptr)
[...]
Memory Configuration

Name             Origin             Length             Attributes
CCMRAM           0x10000000         0x00010000         xrw
RAM              0x20000000         0x00030000         xrw
FLASH            0x08000000         0x00200000         xr
*default*        0x00000000         0xffffffff

Linker script and memory map

LOAD C:/ST/STM32CubeIDE_2.0.0/STM32CubeIDE/plugins/com.st.stm32cube.ide.mcu.externaltools.gnu-tools-for-stm32.13.3.rel1.win32_1.0.100.202509120712/tools/bin/../lib/gcc/arm-none-eabi/13.3.1/thumb/v7e-m+fp/hard/crti.o
LOAD C:/ST/STM32CubeIDE_2.0.0/STM32CubeIDE/plugins/com.st.stm32cube.ide.mcu.externaltools.gnu-tools-for-stm32.13.3.rel1.win32_1.0.100.202509120712/tools/bin/../lib/gcc/arm-none-eabi/13.3.1/thumb/v7e-m+fp/hard/crtbegin.o
LOAD C:/ST/STM32CubeIDE_2.0.0/STM32CubeIDE/plugins/com.st.stm32cube.ide.mcu.externaltools.gnu-tools-for-stm32.13.3.rel1.win32_1.0.100.202509120712/tools/bin/../lib/gcc/arm-none-eabi/13.3.1/../../../../arm-none-eabi/lib/thumb/v7e-m+fp/hard/crt0.o
LOAD ./Core/Src/font12.o
LOAD ./Core/Src/font16.o
LOAD ./Core/Src/font20.o
LOAD ./Core/Src/font24.o
LOAD ./Core/Src/font8.o
LOAD ./Core/Src/ili9341.o
LOAD ./Core/Src/main.o
LOAD ./Core/Src/stm32f429i_discovery.o
LOAD ./Core/Src/stm32f429i_discovery_lcd.o
LOAD ./Core/Src/stm32f429i_discovery_sdram.o
LOAD ./Core/Src/stm32f4xx_hal_msp.o
LOAD ./Core/Src/stm32f4xx_it.o
LOAD ./Core/Src/syscalls.o
LOAD ./Core/Src/sysmem.o
LOAD ./Core/Src/system_stm32f4xx.o
LOAD ./Core/Startup/startup_stm32f429zitx.o
LOAD ./Drivers/STM32F4xx_HAL_Driver/Src/stm32f4xx_hal.o
LOAD ./Drivers/STM32F4xx_HAL_Driver/Src/stm32f4xx_hal_cortex.o
LOAD ./Drivers/STM32F4xx_HAL_Driver/Src/stm32f4xx_hal_dma.o
LOAD ./Drivers/STM32F4xx_HAL_Driver/Src/stm32f4xx_hal_dma2d.o
LOAD ./Drivers/STM32F4xx_HAL_Driver/Src/stm32f4xx_hal_dma_ex.o
LOAD ./Drivers/STM32F4xx_HAL_Driver/Src/stm32f4xx_hal_dsi.o
LOAD ./Drivers/STM32F4xx_HAL_Driver/Src/stm32f4xx_hal_exti.o
LOAD ./Drivers/STM32F4xx_HAL_Driver/Src/stm32f4xx_hal_flash.o
LOAD ./Drivers/STM32F4xx_HAL_Driver/Src/stm32f4xx_hal_flash_ex.o
LOAD ./Drivers/STM32F4xx_HAL_Driver/Src/stm32f4xx_hal_flash_ramfunc.o
LOAD ./Drivers/STM32F4xx_HAL_Driver/Src/stm32f4xx_hal_gpio.o
LOAD ./Drivers/STM32F4xx_HAL_Driver/Src/stm32f4xx_hal_i2c.o
LOAD ./Drivers/STM32F4xx_HAL_Driver/Src/stm32f4xx_hal_i2c_ex.o
LOAD ./Drivers/STM32F4xx_HAL_Driver/Src/stm32f4xx_hal_ltdc.o
LOAD ./Drivers/STM32F4xx_HAL_Driver/Src/stm32f4xx_hal_ltdc_ex.o
LOAD ./Drivers/STM32F4xx_HAL_Driver/Src/stm32f4xx_hal_nand.o
LOAD ./Drivers/STM32F4xx_HAL_Driver/Src/stm32f4xx_hal_nor.o
LOAD ./Drivers/STM32F4xx_HAL_Driver/Src/stm32f4xx_hal_pccard.o
LOAD ./Drivers/STM32F4xx_HAL_Driver/Src/stm32f4xx_hal_pwr.o
LOAD ./Drivers/STM32F4xx_HAL_Driver/Src/stm32f4xx_hal_pwr_ex.o
LOAD ./Drivers/STM32F4xx_HAL_Driver/Src/stm32f4xx_hal_rcc.o
LOAD ./Drivers/STM32F4xx_HAL_Driver/Src/stm32f4xx_hal_rcc_ex.o
LOAD ./Drivers/STM32F4xx_HAL_Driver/Src/stm32f4xx_hal_sdram.o
LOAD ./Drivers/STM32F4xx_HAL_Driver/Src/stm32f4xx_hal_spi.o
LOAD ./Drivers/STM32F4xx_HAL_Driver/Src/stm32f4xx_hal_sram.o
LOAD ./Drivers/STM32F4xx_HAL_Driver/Src/stm32f4xx_ll_fmc.o
START GROUP
LOAD C:/ST/STM32CubeIDE_2.0.0/STM32CubeIDE/plugins/com.st.stm32cube.ide.mcu.externaltools.gnu-tools-for-stm32.13.3.rel1.win32_1.0.100.202509120712/tools/bin/../lib/gcc/arm-none-eabi/13.3.1/../../../../arm-none-eabi/lib/thumb/v7e-m+fp/hard\libc_nano.a
LOAD C:/ST/STM32CubeIDE_2.0.0/STM32CubeIDE/plugins/com.st.stm32cube.ide.mcu.externaltools.gnu-tools-for-stm32.13.3.rel1.win32_1.0.100.202509120712/tools/bin/../lib/gcc/arm-none-eabi/13.3.1/../../../../arm-none-eabi/lib/thumb/v7e-m+fp/hard\libm.a
END GROUP
START GROUP
LOAD C:/ST/STM32CubeIDE_2.0.0/STM32CubeIDE/plugins/com.st.stm32cube.ide.mcu.externaltools.gnu-tools-for-stm32.13.3.rel1.win32_1.0.100.202509120712/tools/bin/../lib/gcc/arm-none-eabi/13.3.1/thumb/v7e-m+fp/hard\libgcc.a
LOAD C:/ST/STM32CubeIDE_2.0.0/STM32CubeIDE/plugins/com.st.stm32cube.ide.mcu.externaltools.gnu-tools-for-stm32.13.3.rel1.win32_1.0.100.202509120712/tools/bin/../lib/gcc/arm-none-eabi/13.3.1/../../../../arm-none-eabi/lib/thumb/v7e-m+fp/hard\libc_nano.a
END GROUP
START GROUP
LOAD C:/ST/STM32CubeIDE_2.0.0/STM32CubeIDE/plugins/com.st.stm32cube.ide.mcu.externaltools.gnu-tools-for-stm32.13.3.rel1.win32_1.0.100.202509120712/tools/bin/../lib/gcc/arm-none-eabi/13.3.1/thumb/v7e-m+fp/hard\libgcc.a
LOAD C:/ST/STM32CubeIDE_2.0.0/STM32CubeIDE/plugins/com.st.stm32cube.ide.mcu.externaltools.gnu-tools-for-stm32.13.3.rel1.win32_1.0.100.202509120712/tools/bin/../lib/gcc/arm-none-eabi/13.3.1/../../../../arm-none-eabi/lib/thumb/v7e-m+fp/hard\libc_nano.a
LOAD C:/ST/STM32CubeIDE_2.0.0/STM32CubeIDE/plugins/com.st.stm32cube.ide.mcu.externaltools.gnu-tools-for-stm32.13.3.rel1.win32_1.0.100.202509120712/tools/bin/../lib/gcc/arm-none-eabi/13.3.1/../../../../arm-none-eabi/lib/thumb/v7e-m+fp/hard\libnosys.a
END GROUP
START GROUP
LOAD C:/ST/STM32CubeIDE_2.0.0/STM32CubeIDE/plugins/com.st.stm32cube.ide.mcu.externaltools.gnu-tools-for-stm32.13.3.rel1.win32_1.0.100.202509120712/tools/bin/../lib/gcc/arm-none-eabi/13.3.1/thumb/v7e-m+fp/hard\libgcc.a
LOAD C:/ST/STM32CubeIDE_2.0.0/STM32CubeIDE/plugins/com.st.stm32cube.ide.mcu.externaltools.gnu-tools-for-stm32.13.3.rel1.win32_1.0.100.202509120712/tools/bin/../lib/gcc/arm-none-eabi/13.3.1/../../../../arm-none-eabi/lib/thumb/v7e-m+fp/hard\libc_nano.a
LOAD C:/ST/STM32CubeIDE_2.0.0/STM32CubeIDE/plugins/com.st.stm32cube.ide.mcu.externaltools.gnu-tools-for-stm32.13.3.rel1.win32_1.0.100.202509120712/tools/bin/../lib/gcc/arm-none-eabi/13.3.1/../../../../arm-none-eabi/lib/thumb/v7e-m+fp/hard\libnosys.a
END GROUP
LOAD C:/ST/STM32CubeIDE_2.0.0/STM32CubeIDE/plugins/com.st.stm32cube.ide.mcu.externaltools.gnu-tools-for-stm32.13.3.rel1.win32_1.0.100.202509120712/tools/bin/../lib/gcc/arm-none-eabi/13.3.1/thumb/v7e-m+fp/hard/crtend.o
LOAD C:/ST/STM32CubeIDE_2.0.0/STM32CubeIDE/plugins/com.st.stm32cube.ide.mcu.externaltools.gnu-tools-for-stm32.13.3.rel1.win32_1.0.100.202509120712/tools/bin/../lib/gcc/arm-none-eabi/13.3.1/thumb/v7e-m+fp/hard/crtn.o
                0x20030000                        _estack = (ORIGIN (RAM) + LENGTH (RAM))
                0x00000200                        _Min_Heap_Size = 0x200
                0x00000400                        _Min_Stack_Size = 0x400

.isr_vector     0x08000000      0x1ac
                0x08000000                        . = ALIGN (0x4)
 *(.isr_vector)
 .isr_vector    0x08000000      0x1ac ./Core/Startup/startup_stm32f429zitx.o
                0x08000000                g_pfnVectors
                0x080001ac                        . = ALIGN (0x4)

.text           0x080001b0     0x6af4
                0x080001b0                        . = ALIGN (0x4)
 *(.text)
 .text          0x080001b0       0x40 C:/ST/STM32CubeIDE_2.0.0/STM32CubeIDE/plugins/com.st.stm32cube.ide.mcu.externaltools.gnu-tools-for-stm32.13.3.rel1.win32_1.0.100.202509120712/tools/bin/../lib/gcc/arm-none-eabi/13.3.1/thumb/v7e-m+fp/hard/crtbegin.o
 .text          0x080001f0       0xa0 C:/ST/STM32CubeIDE_2.0.0/STM32CubeIDE/plugins/com.st.stm32cube.ide.mcu.externaltools.gnu-tools-for-stm32.13.3.rel1.win32_1.0.100.202509120712/tools/bin/../lib/gcc/arm-none-eabi/13.3.1/../../../../arm-none-eabi/lib/thumb/v7e-m+fp/hard\libc_nano.a(libc_a-memchr.o)
                0x080001f0                memchr
 .text          0x08000290       0x30 C:/ST/STM32CubeIDE_2.0.0/STM32CubeIDE/plugins/com.st.stm32cube.ide.mcu.externaltools.gnu-tools-for-stm32.13.3.rel1.win32_1.0.100.202509120712/tools/bin/../lib/gcc/arm-none-eabi/13.3.1/thumb/v7e-m+fp/hard\libgcc.a(_aeabi_uldivmod.o)
                0x08000290                __aeabi_uldivmod
 .text          0x080002c0      0x2f8 C:/ST/STM32CubeIDE_2.0.0/STM32CubeIDE/plugins/com.st.stm32cube.ide.mcu.externaltools.gnu-tools-for-stm32.13.3.rel1.win32_1.0.100.202509120712/tools/bin/../lib/gcc/arm-none-eabi/13.3.1/thumb/v7e-m+fp/hard\libgcc.a(_udivmoddi4.o)
                0x080002c0                __udivmoddi4
 .text          0x080005b8        0x4 C:/ST/STM32CubeIDE_2.0.0/STM32CubeIDE/plugins/com.st.stm32cube.ide.mcu.externaltools.gnu-tools-for-stm32.13.3.rel1.win32_1.0.100.202509120712/tools/bin/../lib/gcc/arm-none-eabi/13.3.1/thumb/v7e-m+fp/hard\libgcc.a(_dvmd_tls.o)
                0x080005b8                __aeabi_idiv0
                0x080005b8                __aeabi_ldiv0
 *(.text*)
 .text.ili9341_Init
                0x080005bc      0x294 ./Core/Src/ili9341.o
                0x080005bc                ili9341_Init
 .text.ili9341_ReadID
                0x08000850       0x18 ./Core/Src/ili9341.o
                0x08000850                ili9341_ReadID
 .text.ili9341_DisplayOn
                0x08000868        0xe ./Core/Src/ili9341.o
                0x08000868                ili9341_DisplayOn
 .text.ili9341_DisplayOff
                0x08000876        0xe ./Core/Src/ili9341.o
                0x08000876                ili9341_DisplayOff
 .text.ili9341_WriteReg
                0x08000884       0x1a ./Core/Src/ili9341.o
                0x08000884                ili9341_WriteReg
 .text.ili9341_WriteData
                0x0800089e       0x1a ./Core/Src/ili9341.o
                0x0800089e                ili9341_WriteData
 .text.ili9341_ReadData
                0x080008b8       0x26 ./Core/Src/ili9341.o
                0x080008b8                ili9341_ReadData
 .text.ili9341_GetLcdPixelWidth
                0x080008de       0x10 ./Core/Src/ili9341.o
                0x080008de                ili9341_GetLcdPixelWidth
 .text.ili9341_GetLcdPixelHeight
                0x080008ee       0x12 ./Core/Src/ili9341.o
                0x080008ee                ili9341_GetLcdPixelHeight
 .text.main     0x08000900      0x138 ./Core/Src/main.o
                0x08000900                main
 .text.SystemClock_Config
                0x08000a38       0xd8 ./Core/Src/main.o
                0x08000a38                SystemClock_Config
 .text.MX_DMA2D_Init
                0x08000b10       0x64 ./Core/Src/main.o
 .text.MX_I2C3_Init
                0x08000b74       0x80 ./Core/Src/main.o
 .text.MX_LTDC_Init
                0x08000bf4      0x164 ./Core/Src/main.o
 .text.MX_SPI5_Init
                0x08000d58       0x6c ./Core/Src/main.o
 .text.MX_FMC_Init
                0x08000dc4       0x9c ./Core/Src/main.o
 .text.MX_GPIO_Init
                0x08000e60      0x114 ./Core/Src/main.o
 .text.Error_Handler
                0x08000f74        0xc ./Core/Src/main.o
                0x08000f74                Error_Handler
 .text.SPIx_Init
                0x08000f80       0x74 ./Core/Src/stm32f429i_discovery.o
 .text.SPIx_Read
                0x08000ff4       0x40 ./Core/Src/stm32f429i_discovery.o
 .text.SPIx_Write
                0x08001034       0x3c ./Core/Src/stm32f429i_discovery.o
 .text.SPIx_Error
                0x08001070       0x18 ./Core/Src/stm32f429i_discovery.o
 .text.SPIx_MspInit
                0x08001088       0x74 ./Core/Src/stm32f429i_discovery.o
 .text.LCD_IO_Init
                0x080010fc       0xf0 ./Core/Src/stm32f429i_discovery.o
                0x080010fc                LCD_IO_Init
 .text.LCD_IO_WriteData
                0x080011ec       0x44 ./Core/Src/stm32f429i_discovery.o
                0x080011ec                LCD_IO_WriteData
 .text.LCD_IO_WriteReg
                0x08001230       0x44 ./Core/Src/stm32f429i_discovery.o
                0x08001230                LCD_IO_WriteReg
 .text.LCD_IO_ReadData
                0x08001274       0x64 ./Core/Src/stm32f429i_discovery.o
                0x08001274                LCD_IO_ReadData
 .text.LCD_Delay
                0x080012d8       0x16 ./Core/Src/stm32f429i_discovery.o
                0x080012d8                LCD_Delay
 *fill*         0x080012ee        0x2 
 .text.BSP_LCD_Init
                0x080012f0       0xd4 ./Core/Src/stm32f429i_discovery_lcd.o
                0x080012f0                BSP_LCD_Init
 .text.BSP_LCD_GetXSize
                0x080013c4       0x18 ./Core/Src/stm32f429i_discovery_lcd.o
                0x080013c4                BSP_LCD_GetXSize
 .text.BSP_LCD_GetYSize
                0x080013dc       0x18 ./Core/Src/stm32f429i_discovery_lcd.o
                0x080013dc                BSP_LCD_GetYSize
 .text.BSP_LCD_LayerDefaultInit
                0x080013f4       0xc8 ./Core/Src/stm32f429i_discovery_lcd.o
                0x080013f4                BSP_LCD_LayerDefaultInit
 .text.BSP_LCD_SelectLayer
                0x080014bc       0x20 ./Core/Src/stm32f429i_discovery_lcd.o
                0x080014bc                BSP_LCD_SelectLayer
 .text.BSP_LCD_SetTextColor
                0x080014dc       0x30 ./Core/Src/stm32f429i_discovery_lcd.o
                0x080014dc                BSP_LCD_SetTextColor
 .text.BSP_LCD_SetBackColor
                0x0800150c       0x34 ./Core/Src/stm32f429i_discovery_lcd.o
                0x0800150c                BSP_LCD_SetBackColor
 .text.BSP_LCD_SetFont
                0x08001540       0x34 ./Core/Src/stm32f429i_discovery_lcd.o
                0x08001540                BSP_LCD_SetFont
 .text.BSP_LCD_GetFont
                0x08001574       0x2c ./Core/Src/stm32f429i_discovery_lcd.o
                0x08001574                BSP_LCD_GetFont
 .text.BSP_LCD_Clear
                0x080015a0       0x50 ./Core/Src/stm32f429i_discovery_lcd.o
                0x080015a0                BSP_LCD_Clear
 .text.BSP_LCD_DisplayChar
                0x080015f0       0x88 ./Core/Src/stm32f429i_discovery_lcd.o
                0x080015f0                BSP_LCD_DisplayChar
 .text.BSP_LCD_DisplayStringAt
                0x08001678      0x17c ./Core/Src/stm32f429i_discovery_lcd.o
                0x08001678                BSP_LCD_DisplayStringAt
 .text.BSP_LCD_DisplayStringAtLine
                0x080017f4       0x2e ./Core/Src/stm32f429i_discovery_lcd.o
                0x080017f4                BSP_LCD_DisplayStringAtLine
 *fill*         0x08001822        0x2 
 .text.BSP_LCD_DisplayOn
                0x08001824       0x20 ./Core/Src/stm32f429i_discovery_lcd.o
                0x08001824                BSP_LCD_DisplayOn
 .text.BSP_LCD_MspInit
                0x08001844      0x1ac ./Core/Src/stm32f429i_discovery_lcd.o
                0x08001844                BSP_LCD_MspInit
 .text.BSP_LCD_DrawPixel
                0x080019f0       0x4c ./Core/Src/stm32f429i_discovery_lcd.o
                0x080019f0                BSP_LCD_DrawPixel
 .text.DrawChar
                0x08001a3c      0x174 ./Core/Src/stm32f429i_discovery_lcd.o
 .text.FillBuffer
                0x08001bb0       0x70 ./Core/Src/stm32f429i_discovery_lcd.o
 .text.BSP_SDRAM_Init
                0x08001c20       0xbc ./Core/Src/stm32f429i_discovery_sdram.o
                0x08001c20                BSP_SDRAM_Init
 .text.BSP_SDRAM_Initialization_sequence
                0x08001cdc       0xc0 ./Core/Src/stm32f429i_discovery_sdram.o
                0x08001cdc                BSP_SDRAM_Initialization_sequence
 .text.BSP_SDRAM_MspInit
                0x08001d9c      0x218 ./Core/Src/stm32f429i_discovery_sdram.o
                0x08001d9c                BSP_SDRAM_MspInit
 .text.HAL_MspInit
                0x08001fb4       0x50 ./Core/Src/stm32f4xx_hal_msp.o
                0x08001fb4                HAL_MspInit
 .text.HAL_DMA2D_MspInit
                0x08002004       0x44 ./Core/Src/stm32f4xx_hal_msp.o
                0x08002004                HAL_DMA2D_MspInit
 .text.HAL_I2C_MspInit
                0x08002048       0xd4 ./Core/Src/stm32f4xx_hal_msp.o
                0x08002048                HAL_I2C_MspInit
 .text.HAL_LTDC_MspInit
                0x0800211c      0x250 ./Core/Src/stm32f4xx_hal_msp.o
                0x0800211c                HAL_LTDC_MspInit
 .text.HAL_SPI_MspInit
                0x0800236c       0x90 ./Core/Src/stm32f4xx_hal_msp.o
                0x0800236c                HAL_SPI_MspInit
 .text.HAL_SPI_MspDeInit
                0x080023fc       0x3c ./Core/Src/stm32f4xx_hal_msp.o
                0x080023fc                HAL_SPI_MspDeInit
 .text.HAL_FMC_MspInit
                0x08002438      0x124 ./Core/Src/stm32f4xx_hal_msp.o
 .text.HAL_SDRAM_MspInit
                0x0800255c       0x14 ./Core/Src/stm32f4xx_hal_msp.o
                0x0800255c                HAL_SDRAM_MspInit
 .text.NMI_Handler
                0x08002570        0x8 ./Core/Src/stm32f4xx_it.o
                0x08002570                NMI_Handler
 .text.HardFault_Handler
                0x08002578        0x8 ./Core/Src/stm32f4xx_it.o
                0x08002578                HardFault_Handler
 .text.MemManage_Handler
                0x08002580        0x8 ./Core/Src/stm32f4xx_it.o
                0x08002580                MemManage_Handler
 .text.BusFault_Handler
                0x08002588        0x8 ./Core/Src/stm32f4xx_it.o
                0x08002588                BusFault_Handler
 .text.UsageFault_Handler
                0x08002590        0x8 ./Core/Src/stm32f4xx_it.o
                0x08002590                UsageFault_Handler
 .text.SVC_Handler
                0x08002598        0xe ./Core/Src/stm32f4xx_it.o
                0x08002598                SVC_Handler
 .text.DebugMon_Handler
                0x080025a6        0xe ./Core/Src/stm32f4xx_it.o
                0x080025a6                DebugMon_Handler
 .text.PendSV_Handler
                0x080025b4        0xe ./Core/Src/stm32f4xx_it.o
                0x080025b4                PendSV_Handler
 .text.SysTick_Handler
                0x080025c2        0xc ./Core/Src/stm32f4xx_it.o
                0x080025c2                SysTick_Handler
 *fill*         0x080025ce        0x2 
 .text._sbrk    0x080025d0       0x6c ./Core/Src/sysmem.o
                0x080025d0                _sbrk
 .text.SystemInit
                0x0800263c       0x24 ./Core/Src/system_stm32f4xx.o
                0x0800263c                SystemInit
 .text.Reset_Handler
                0x08002660       0x50 ./Core/Startup/startup_stm32f429zitx.o
                0x08002660                Reset_Handler
 .text.Default_Handler
                0x080026b0        0x2 ./Core/Startup/startup_stm32f429zitx.o
                0x080026b0                RTC_Alarm_IRQHandler
                0x080026b0                HASH_RNG_IRQHandler
                0x080026b0                EXTI2_IRQHandler
                0x080026b0                TIM8_CC_IRQHandler
                0x080026b0                UART8_IRQHandler
                0x080026b0                SPI4_IRQHandler
                0x080026b0                TIM1_CC_IRQHandler
                0x080026b0                DMA2_Stream5_IRQHandler
                0x080026b0                DMA1_Stream5_IRQHandler
                0x080026b0                PVD_IRQHandler
                0x080026b0                SDIO_IRQHandler
                0x080026b0                TAMP_STAMP_IRQHandler
                0x080026b0                CAN2_RX1_IRQHandler
                0x080026b0                EXTI3_IRQHandler
                0x080026b0                TIM8_TRG_COM_TIM14_IRQHandler
                0x080026b0                TIM1_UP_TIM10_IRQHandler
                0x080026b0                TIM8_UP_TIM13_IRQHandler
                0x080026b0                I2C3_ER_IRQHandler
                0x080026b0                EXTI0_IRQHandler
                0x080026b0                I2C2_EV_IRQHandler
                0x080026b0                DMA1_Stream2_IRQHandler
                0x080026b0                CAN1_RX0_IRQHandler
                0x080026b0                FPU_IRQHandler
                0x080026b0                OTG_HS_WKUP_IRQHandler
                0x080026b0                LTDC_ER_IRQHandler
                0x080026b0                CAN2_SCE_IRQHandler
                0x080026b0                DMA2_Stream2_IRQHandler
                0x080026b0                SPI1_IRQHandler
                0x080026b0                TIM6_DAC_IRQHandler
                0x080026b0                TIM1_BRK_TIM9_IRQHandler
                0x080026b0                DCMI_IRQHandler
                0x080026b0                CAN2_RX0_IRQHandler
                0x080026b0                DMA2_Stream3_IRQHandler
                0x080026b0                USART6_IRQHandler
                0x080026b0                USART3_IRQHandler
                0x080026b0                CAN1_RX1_IRQHandler
                0x080026b0                UART5_IRQHandler
                0x080026b0                DMA2_Stream0_IRQHandler
                0x080026b0                TIM4_IRQHandler
                0x080026b0                I2C1_EV_IRQHandler
                0x080026b0                DMA1_Stream6_IRQHandler
                0x080026b0                DMA1_Stream1_IRQHandler
                0x080026b0                UART4_IRQHandler
                0x080026b0                TIM3_IRQHandler
                0x080026b0                RCC_IRQHandler
                0x080026b0                TIM8_BRK_TIM12_IRQHandler
                0x080026b0                Default_Handler
                0x080026b0                EXTI15_10_IRQHandler
                0x080026b0                ADC_IRQHandler
                0x080026b0                DMA1_Stream7_IRQHandler
                0x080026b0                SPI5_IRQHandler
                0x080026b0                TIM7_IRQHandler
                0x080026b0                CAN2_TX_IRQHandler
                0x080026b0                TIM5_IRQHandler
                0x080026b0                DMA2_Stream7_IRQHandler
                0x080026b0                I2C3_EV_IRQHandler
                0x080026b0                EXTI9_5_IRQHandler
                0x080026b0                RTC_WKUP_IRQHandler
                0x080026b0                LTDC_IRQHandler
                0x080026b0                ETH_WKUP_IRQHandler
                0x080026b0                SPI2_IRQHandler
                0x080026b0                OTG_HS_EP1_IN_IRQHandler
                0x080026b0                DMA1_Stream0_IRQHandler
                0x080026b0                CAN1_TX_IRQHandler
                0x080026b0                EXTI4_IRQHandler
                0x080026b0                ETH_IRQHandler
                0x080026b0                OTG_HS_EP1_OUT_IRQHandler
                0x080026b0                WWDG_IRQHandler
                0x080026b0                SPI6_IRQHandler
                0x080026b0                TIM2_IRQHandler
                0x080026b0                OTG_FS_WKUP_IRQHandler
                0x080026b0                TIM1_TRG_COM_TIM11_IRQHandler
                0x080026b0                OTG_HS_IRQHandler
                0x080026b0                DMA2D_IRQHandler
                0x080026b0                EXTI1_IRQHandler
                0x080026b0                UART7_IRQHandler
                0x080026b0                USART2_IRQHandler
                0x080026b0                I2C2_ER_IRQHandler
                0x080026b0                DMA2_Stream1_IRQHandler
                0x080026b0                CAN1_SCE_IRQHandler
                0x080026b0                FLASH_IRQHandler
                0x080026b0                DMA2_Stream4_IRQHandler
                0x080026b0                USART1_IRQHandler
                0x080026b0                OTG_FS_IRQHandler
                0x080026b0                SPI3_IRQHandler
                0x080026b0                DMA1_Stream4_IRQHandler
                0x080026b0                I2C1_ER_IRQHandler
                0x080026b0                FMC_IRQHandler
                0x080026b0                DMA2_Stream6_IRQHandler
                0x080026b0                SAI1_IRQHandler
                0x080026b0                DMA1_Stream3_IRQHandler
 *fill*         0x080026b2        0x2 
 .text.HAL_Init
                0x080026b4       0x44 ./Drivers/STM32F4xx_HAL_Driver/Src/stm32f4xx_hal.o
                0x080026b4                HAL_Init
 .text.HAL_InitTick
                0x080026f8       0x60 ./Drivers/STM32F4xx_HAL_Driver/Src/stm32f4xx_hal.o
                0x080026f8                HAL_InitTick
 .text.HAL_IncTick
                0x08002758       0x28 ./Drivers/STM32F4xx_HAL_Driver/Src/stm32f4xx_hal.o
                0x08002758                HAL_IncTick
 .text.HAL_GetTick
                0x08002780       0x18 ./Drivers/STM32F4xx_HAL_Driver/Src/stm32f4xx_hal.o
                0x08002780                HAL_GetTick
 .text.HAL_Delay
                0x08002798       0x48 ./Drivers/STM32F4xx_HAL_Driver/Src/stm32f4xx_hal.o
                0x08002798                HAL_Delay
 .text.__NVIC_SetPriorityGrouping
                0x080027e0       0x48 ./Drivers/STM32F4xx_HAL_Driver/Src/stm32f4xx_hal_cortex.o
 .text.__NVIC_GetPriorityGrouping
                0x08002828       0x1c ./Drivers/STM32F4xx_HAL_Driver/Src/stm32f4xx_hal_cortex.o
 .text.__NVIC_EnableIRQ
                0x08002844       0x3c ./Drivers/STM32F4xx_HAL_Driver/Src/stm32f4xx_hal_cortex.o
 .text.__NVIC_SetPriority
                0x08002880       0x54 ./Drivers/STM32F4xx_HAL_Driver/Src/stm32f4xx_hal_cortex.o
 .text.NVIC_EncodePriority
                0x080028d4       0x66 ./Drivers/STM32F4xx_HAL_Driver/Src/stm32f4xx_hal_cortex.o
 *fill*         0x0800293a        0x2 
 .text.SysTick_Config
                0x0800293c       0x44 ./Drivers/STM32F4xx_HAL_Driver/Src/stm32f4xx_hal_cortex.o
 .text.HAL_NVIC_SetPriorityGrouping
                0x08002980       0x16 ./Drivers/STM32F4xx_HAL_Driver/Src/stm32f4xx_hal_cortex.o
                0x08002980                HAL_NVIC_SetPriorityGrouping
 .text.HAL_NVIC_SetPriority
                0x08002996       0x38 ./Drivers/STM32F4xx_HAL_Driver/Src/stm32f4xx_hal_cortex.o
                0x08002996                HAL_NVIC_SetPriority
 .text.HAL_NVIC_EnableIRQ
                0x080029ce       0x1c ./Drivers/STM32F4xx_HAL_Driver/Src/stm32f4xx_hal_cortex.o
                0x080029ce                HAL_NVIC_EnableIRQ
 .text.HAL_SYSTICK_Config
                0x080029ea       0x18 ./Drivers/STM32F4xx_HAL_Driver/Src/stm32f4xx_hal_cortex.o
                0x080029ea                HAL_SYSTICK_Config
 *fill*         0x08002a02        0x2 
 .text.HAL_DMA_Init
                0x08002a04      0x15c ./Drivers/STM32F4xx_HAL_Driver/Src/stm32f4xx_hal_dma.o
                0x08002a04                HAL_DMA_Init
 .text.HAL_DMA_DeInit
                0x08002b60       0xbc ./Drivers/STM32F4xx_HAL_Driver/Src/stm32f4xx_hal_dma.o
                0x08002b60                HAL_DMA_DeInit
 .text.DMA_CalcBaseAndBitshift
                0x08002c1c       0x6c ./Drivers/STM32F4xx_HAL_Driver/Src/stm32f4xx_hal_dma.o
 .text.DMA_CheckFifoParam
                0x08002c88       0xf8 ./Drivers/STM32F4xx_HAL_Driver/Src/stm32f4xx_hal_dma.o
 .text.HAL_DMA2D_Init
                0x08002d80       0x92 ./Drivers/STM32F4xx_HAL_Driver/Src/stm32f4xx_hal_dma2d.o
                0x08002d80                HAL_DMA2D_Init
 .text.HAL_DMA2D_Start
                0x08002e12       0x56 ./Drivers/STM32F4xx_HAL_Driver/Src/stm32f4xx_hal_dma2d.o
                0x08002e12                HAL_DMA2D_Start
 .text.HAL_DMA2D_PollForTransfer
                0x08002e68      0x1d2 ./Drivers/STM32F4xx_HAL_Driver/Src/stm32f4xx_hal_dma2d.o
                0x08002e68                HAL_DMA2D_PollForTransfer
 *fill*         0x0800303a        0x2 
 .text.HAL_DMA2D_ConfigLayer
                0x0800303c      0x124 ./Drivers/STM32F4xx_HAL_Driver/Src/stm32f4xx_hal_dma2d.o
                0x0800303c                HAL_DMA2D_ConfigLayer
 .text.DMA2D_SetConfig
                0x08003160      0x138 ./Drivers/STM32F4xx_HAL_Driver/Src/stm32f4xx_hal_dma2d.o
 .text.HAL_GPIO_Init
                0x08003298      0x358 ./Drivers/STM32F4xx_HAL_Driver/Src/stm32f4xx_hal_gpio.o
                0x08003298                HAL_GPIO_Init
 .text.HAL_GPIO_DeInit
                0x080035f0      0x218 ./Drivers/STM32F4xx_HAL_Driver/Src/stm32f4xx_hal_gpio.o
                0x080035f0                HAL_GPIO_DeInit
 .text.HAL_GPIO_WritePin
                0x08003808       0x32 ./Drivers/STM32F4xx_HAL_Driver/Src/stm32f4xx_hal_gpio.o
                0x08003808                HAL_GPIO_WritePin
 *fill*         0x0800383a        0x2 
 .text.HAL_I2C_Init
                0x0800383c      0x288 ./Drivers/STM32F4xx_HAL_Driver/Src/stm32f4xx_hal_i2c.o
                0x0800383c                HAL_I2C_Init
 .text.HAL_I2C_Master_Transmit
                0x08003ac4      0x1fc ./Drivers/STM32F4xx_HAL_Driver/Src/stm32f4xx_hal_i2c.o
                0x08003ac4                HAL_I2C_Master_Transmit
 .text.I2C_MasterRequestWrite
                0x08003cc0      0x104 ./Drivers/STM32F4xx_HAL_Driver/Src/stm32f4xx_hal_i2c.o
 .text.I2C_WaitOnFlagUntilTimeout
                0x08003dc4       0xf4 ./Drivers/STM32F4xx_HAL_Driver/Src/stm32f4xx_hal_i2c.o
 .text.I2C_WaitOnMasterAddressFlagUntilTimeout
                0x08003eb8      0x140 ./Drivers/STM32F4xx_HAL_Driver/Src/stm32f4xx_hal_i2c.o
 .text.I2C_WaitOnTXEFlagUntilTimeout
                0x08003ff8       0x90 ./Drivers/STM32F4xx_HAL_Driver/Src/stm32f4xx_hal_i2c.o
 .text.I2C_WaitOnBTFFlagUntilTimeout
                0x08004088       0x90 ./Drivers/STM32F4xx_HAL_Driver/Src/stm32f4xx_hal_i2c.o
 .text.I2C_IsAcknowledgeFailed
                0x08004118       0x5e ./Drivers/STM32F4xx_HAL_Driver/Src/stm32f4xx_hal_i2c.o
 .text.HAL_I2CEx_ConfigAnalogFilter
                0x08004176       0x78 ./Drivers/STM32F4xx_HAL_Driver/Src/stm32f4xx_hal_i2c_ex.o
                0x08004176                HAL_I2CEx_ConfigAnalogFilter
 .text.HAL_I2CEx_ConfigDigitalFilter
                0x080041ee       0x7e ./Drivers/STM32F4xx_HAL_Driver/Src/stm32f4xx_hal_i2c_ex.o
                0x080041ee                HAL_I2CEx_ConfigDigitalFilter
 .text.HAL_LTDC_Init
                0x0800426c      0x13a ./Drivers/STM32F4xx_HAL_Driver/Src/stm32f4xx_hal_ltdc.o
                0x0800426c                HAL_LTDC_Init
 .text.HAL_LTDC_ConfigLayer
                0x080043a6       0x7c ./Drivers/STM32F4xx_HAL_Driver/Src/stm32f4xx_hal_ltdc.o
                0x080043a6                HAL_LTDC_ConfigLayer
 *fill*         0x08004422        0x2 
 .text.HAL_LTDC_EnableDither
                0x08004424       0x54 ./Drivers/STM32F4xx_HAL_Driver/Src/stm32f4xx_hal_ltdc.o
                0x08004424                HAL_LTDC_EnableDither
 .text.LTDC_SetConfig
                0x08004478      0x2e6 ./Drivers/STM32F4xx_HAL_Driver/Src/stm32f4xx_hal_ltdc.o
 *fill*         0x0800475e        0x2 
 .text.HAL_RCC_OscConfig
                0x08004760      0x4f0 ./Drivers/STM32F4xx_HAL_Driver/Src/stm32f4xx_hal_rcc.o
                0x08004760                HAL_RCC_OscConfig
 .text.HAL_RCC_ClockConfig
                0x08004c50      0x1cc ./Drivers/STM32F4xx_HAL_Driver/Src/stm32f4xx_hal_rcc.o
                0x08004c50                HAL_RCC_ClockConfig
 .text.HAL_RCC_GetSysClockFreq
                0x08004e1c      0x20c ./Drivers/STM32F4xx_HAL_Driver/Src/stm32f4xx_hal_rcc.o
                0x08004e1c                HAL_RCC_GetSysClockFreq
 .text.HAL_RCC_GetHCLKFreq
                0x08005028       0x18 ./Drivers/STM32F4xx_HAL_Driver/Src/stm32f4xx_hal_rcc.o
                0x08005028                HAL_RCC_GetHCLKFreq
 .text.HAL_RCC_GetPCLK1Freq
                0x08005040       0x28 ./Drivers/STM32F4xx_HAL_Driver/Src/stm32f4xx_hal_rcc.o
                0x08005040                HAL_RCC_GetPCLK1Freq
 .text.HAL_RCCEx_PeriphCLKConfig
                0x08005068      0x380 ./Drivers/STM32F4xx_HAL_Driver/Src/stm32f4xx_hal_rcc_ex.o
                0x08005068                HAL_RCCEx_PeriphCLKConfig
 .text.HAL_SDRAM_Init
                0x080053e8       0x68 ./Drivers/STM32F4xx_HAL_Driver/Src/stm32f4xx_hal_sdram.o
                0x080053e8                HAL_SDRAM_Init
 .text.HAL_SDRAM_SendCommand
                0x08005450       0x6a ./Drivers/STM32F4xx_HAL_Driver/Src/stm32f4xx_hal_sdram.o
                0x08005450                HAL_SDRAM_SendCommand
 .text.HAL_SDRAM_ProgramRefreshRate
                0x080054ba       0x50 ./Drivers/STM32F4xx_HAL_Driver/Src/stm32f4xx_hal_sdram.o
                0x080054ba                HAL_SDRAM_ProgramRefreshRate
 .text.HAL_SPI_Init
                0x0800550a      0x112 ./Drivers/STM32F4xx_HAL_Driver/Src/stm32f4xx_hal_spi.o
                0x0800550a                HAL_SPI_Init
 .text.HAL_SPI_DeInit
                0x0800561c       0x50 ./Drivers/STM32F4xx_HAL_Driver/Src/stm32f4xx_hal_spi.o
                0x0800561c                HAL_SPI_DeInit
 .text.HAL_SPI_Transmit
                0x0800566c      0x288 ./Drivers/STM32F4xx_HAL_Driver/Src/stm32f4xx_hal_spi.o
                0x0800566c                HAL_SPI_Transmit
 .text.HAL_SPI_Receive
                0x080058f4      0x232 ./Drivers/STM32F4xx_HAL_Driver/Src/stm32f4xx_hal_spi.o
                0x080058f4                HAL_SPI_Receive
 .text.HAL_SPI_TransmitReceive
                0x08005b26      0x352 ./Drivers/STM32F4xx_HAL_Driver/Src/stm32f4xx_hal_spi.o
                0x08005b26                HAL_SPI_TransmitReceive
 .text.HAL_SPI_GetState
                0x08005e78       0x1c ./Drivers/STM32F4xx_HAL_Driver/Src/stm32f4xx_hal_spi.o
                0x08005e78                HAL_SPI_GetState
 .text.SPI_WaitFlagStateUntilTimeout
                0x08005e94      0x110 ./Drivers/STM32F4xx_HAL_Driver/Src/stm32f4xx_hal_spi.o
 .text.SPI_EndRxTransaction
                0x08005fa4       0xca ./Drivers/STM32F4xx_HAL_Driver/Src/stm32f4xx_hal_spi.o
 *fill*         0x0800606e        0x2 
 .text.SPI_EndRxTxTransaction
                0x08006070       0xa8 ./Drivers/STM32F4xx_HAL_Driver/Src/stm32f4xx_hal_spi.o
 .text.FMC_SDRAM_Init
                0x08006118       0xba ./Drivers/STM32F4xx_HAL_Driver/Src/stm32f4xx_ll_fmc.o
                0x08006118                FMC_SDRAM_Init
 .text.FMC_SDRAM_Timing_Init
                0x080061d2       0xd2 ./Drivers/STM32F4xx_HAL_Driver/Src/stm32f4xx_ll_fmc.o
                0x080061d2                FMC_SDRAM_Timing_Init
 .text.FMC_SDRAM_SendCommand
                0x080062a4       0x7a ./Drivers/STM32F4xx_HAL_Driver/Src/stm32f4xx_ll_fmc.o
                0x080062a4                FMC_SDRAM_SendCommand
 .text.FMC_SDRAM_ProgramRefreshRate
                0x0800631e       0x2e ./Drivers/STM32F4xx_HAL_Driver/Src/stm32f4xx_ll_fmc.o
                0x0800631e                FMC_SDRAM_ProgramRefreshRate
 .text.sprintf  0x0800634c       0x44 C:/ST/STM32CubeIDE_2.0.0/STM32CubeIDE/plugins/com.st.stm32cube.ide.mcu.externaltools.gnu-tools-for-stm32.13.3.rel1.win32_1.0.100.202509120712/tools/bin/../lib/gcc/arm-none-eabi/13.3.1/../../../../arm-none-eabi/lib/thumb/v7e-m+fp/hard\libc_nano.a(libc_a-sprintf.o)
                0x0800634c                siprintf
                0x0800634c                sprintf
 .text.memset   0x08006390       0x10 C:/ST/STM32CubeIDE_2.0.0/STM32CubeIDE/plugins/com.st.stm32cube.ide.mcu.externaltools.gnu-tools-for-stm32.13.3.rel1.win32_1.0.100.202509120712/tools/bin/../lib/gcc/arm-none-eabi/13.3.1/../../../../arm-none-eabi/lib/thumb/v7e-m+fp/hard\libc_nano.a(libc_a-memset.o)
                0x08006390                memset
 .text.__errno  0x080063a0        0xc C:/ST/STM32CubeIDE_2.0.0/STM32CubeIDE/plugins/com.st.stm32cube.ide.mcu.externaltools.gnu-tools-for-stm32.13.3.rel1.win32_1.0.100.202509120712/tools/bin/../lib/gcc/arm-none-eabi/13.3.1/../../../../arm-none-eabi/lib/thumb/v7e-m+fp/hard\libc_nano.a(libc_a-errno.o)
                0x080063a0                __errno
 .text.__libc_init_array
                0x080063ac       0x48 C:/ST/STM32CubeIDE_2.0.0/STM32CubeIDE/plugins/com.st.stm32cube.ide.mcu.externaltools.gnu-tools-for-stm32.13.3.rel1.win32_1.0.100.202509120712/tools/bin/../lib/gcc/arm-none-eabi/13.3.1/../../../../arm-none-eabi/lib/thumb/v7e-m+fp/hard\libc_nano.a(libc_a-init.o)
                0x080063ac                __libc_init_array
 .text.__retarget_lock_acquire_recursive
                0x080063f4        0x2 C:/ST/STM32CubeIDE_2.0.0/STM32CubeIDE/plugins/com.st.stm32cube.ide.mcu.externaltools.gnu-tools-for-stm32.13.3.rel1.win32_1.0.100.202509120712/tools/bin/../lib/gcc/arm-none-eabi/13.3.1/../../../../arm-none-eabi/lib/thumb/v7e-m+fp/hard\libc_nano.a(libc_a-lock.o)
                0x080063f4                __retarget_lock_acquire_recursive
 .text.__retarget_lock_release_recursive
                0x080063f6        0x2 C:/ST/STM32CubeIDE_2.0.0/STM32CubeIDE/plugins/com.st.stm32cube.ide.mcu.externaltools.gnu-tools-for-stm32.13.3.rel1.win32_1.0.100.202509120712/tools/bin/../lib/gcc/arm-none-eabi/13.3.1/../../../../arm-none-eabi/lib/thumb/v7e-m+fp/hard\libc_nano.a(libc_a-lock.o)
                0x080063f6                __retarget_lock_release_recursive
 .text._free_r  0x080063f8       0x94 C:/ST/STM32CubeIDE_2.0.0/STM32CubeIDE/plugins/com.st.stm32cube.ide.mcu.externaltools.gnu-tools-for-stm32.13.3.rel1.win32_1.0.100.202509120712/tools/bin/../lib/gcc/arm-none-eabi/13.3.1/../../../../arm-none-eabi/lib/thumb/v7e-m+fp/hard\libc_nano.a(libc_a-freer.o)
                0x080063f8                _free_r
 .text.sbrk_aligned
                0x0800648c       0x44 C:/ST/STM32CubeIDE_2.0.0/STM32CubeIDE/plugins/com.st.stm32cube.ide.mcu.externaltools.gnu-tools-for-stm32.13.3.rel1.win32_1.0.100.202509120712/tools/bin/../lib/gcc/arm-none-eabi/13.3.1/../../../../arm-none-eabi/lib/thumb/v7e-m+fp/hard\libc_nano.a(libc_a-mallocr.o)
 .text._malloc_r
                0x080064d0      0x100 C:/ST/STM32CubeIDE_2.0.0/STM32CubeIDE/plugins/com.st.stm32cube.ide.mcu.externaltools.gnu-tools-for-stm32.13.3.rel1.win32_1.0.100.202509120712/tools/bin/../lib/gcc/arm-none-eabi/13.3.1/../../../../arm-none-eabi/lib/thumb/v7e-m+fp/hard\libc_nano.a(libc_a-mallocr.o)
                0x080064d0                _malloc_r
 .text.__malloc_lock
                0x080065d0        0xc C:/ST/STM32CubeIDE_2.0.0/STM32CubeIDE/plugins/com.st.stm32cube.ide.mcu.externaltools.gnu-tools-for-stm32.13.3.rel1.win32_1.0.100.202509120712/tools/bin/../lib/gcc/arm-none-eabi/13.3.1/../../../../arm-none-eabi/lib/thumb/v7e-m+fp/hard\libc_nano.a(libc_a-mlock.o)
                0x080065d0                __malloc_lock
 .text.__malloc_unlock
                0x080065dc        0xc C:/ST/STM32CubeIDE_2.0.0/STM32CubeIDE/plugins/com.st.stm32cube.ide.mcu.externaltools.gnu-tools-for-stm32.13.3.rel1.win32_1.0.100.202509120712/tools/bin/../lib/gcc/arm-none-eabi/13.3.1/../../../../arm-none-eabi/lib/thumb/v7e-m+fp/hard\libc_nano.a(libc_a-mlock.o)
                0x080065dc                __malloc_unlock
 .text.__ssputs_r
                0x080065e8       0xb6 C:/ST/STM32CubeIDE_2.0.0/STM32CubeIDE/plugins/com.st.stm32cube.ide.mcu.externaltools.gnu-tools-for-stm32.13.3.rel1.win32_1.0.100.202509120712/tools/bin/../lib/gcc/arm-none-eabi/13.3.1/../../../../arm-none-eabi/lib/thumb/v7e-m+fp/hard\libc_nano.a(libc_a-nano-svfprintf.o)
                0x080065e8                __ssputs_r
 *fill*         0x0800669e        0x2 
 .text._svfprintf_r
                0x080066a0      0x1f8 C:/ST/STM32CubeIDE_2.0.0/STM32CubeIDE/plugins/com.st.stm32cube.ide.mcu.externaltools.gnu-tools-for-stm32.13.3.rel1.win32_1.0.100.202509120712/tools/bin/../lib/gcc/arm-none-eabi/13.3.1/../../../../arm-none-eabi/lib/thumb/v7e-m+fp/hard\libc_nano.a(libc_a-nano-svfprintf.o)
                0x080066a0                _svfiprintf_r
                0x080066a0                _svfprintf_r
 .text._printf_common
                0x08006898       0xda C:/ST/STM32CubeIDE_2.0.0/STM32CubeIDE/plugins/com.st.stm32cube.ide.mcu.externaltools.gnu-tools-for-stm32.13.3.rel1.win32_1.0.100.202509120712/tools/bin/../lib/gcc/arm-none-eabi/13.3.1/../../../../arm-none-eabi/lib/thumb/v7e-m+fp/hard\libc_nano.a(libc_a-nano-vfprintf_i.o)
                0x08006898                _printf_common
 *fill*         0x08006972        0x2 
 .text._printf_i
                0x08006974      0x23c C:/ST/STM32CubeIDE_2.0.0/STM32CubeIDE/plugins/com.st.stm32cube.ide.mcu.externaltools.gnu-tools-for-stm32.13.3.rel1.win32_1.0.100.202509120712/tools/bin/../lib/gcc/arm-none-eabi/13.3.1/../../../../arm-none-eabi/lib/thumb/v7e-m+fp/hard\libc_nano.a(libc_a-nano-vfprintf_i.o)
                0x08006974                _printf_i
 .text.memmove  0x08006bb0       0x34 C:/ST/STM32CubeIDE_2.0.0/STM32CubeIDE/plugins/com.st.stm32cube.ide.mcu.externaltools.gnu-tools-for-stm32.13.3.rel1.win32_1.0.100.202509120712/tools/bin/../lib/gcc/arm-none-eabi/13.3.1/../../../../arm-none-eabi/lib/thumb/v7e-m+fp/hard\libc_nano.a(libc_a-memmove.o)
                0x08006bb0                memmove
 .text._sbrk_r  0x08006be4       0x20 C:/ST/STM32CubeIDE_2.0.0/STM32CubeIDE/plugins/com.st.stm32cube.ide.mcu.externaltools.gnu-tools-for-stm32.13.3.rel1.win32_1.0.100.202509120712/tools/bin/../lib/gcc/arm-none-eabi/13.3.1/../../../../arm-none-eabi/lib/thumb/v7e-m+fp/hard\libc_nano.a(libc_a-sbrkr.o)
                0x08006be4                _sbrk_r
 .text.memcpy   0x08006c04       0x1c C:/ST/STM32CubeIDE_2.0.0/STM32CubeIDE/plugins/com.st.stm32cube.ide.mcu.externaltools.gnu-tools-for-stm32.13.3.rel1.win32_1.0.100.202509120712/tools/bin/../lib/gcc/arm-none-eabi/13.3.1/../../../../arm-none-eabi/lib/thumb/v7e-m+fp/hard\libc_nano.a(libc_a-memcpy-stub.o)
                0x08006c04                memcpy
 .text._realloc_r
                0x08006c20       0x5c C:/ST/STM32CubeIDE_2.0.0/STM32CubeIDE/plugins/com.st.stm32cube.ide.mcu.externaltools.gnu-tools-for-stm32.13.3.rel1.win32_1.0.100.202509120712/tools/bin/../lib/gcc/arm-none-eabi/13.3.1/../../../../arm-none-eabi/lib/thumb/v7e-m+fp/hard\libc_nano.a(libc_a-reallocr.o)
                0x08006c20                _realloc_r
 .text._malloc_usable_size_r
                0x08006c7c       0x10 C:/ST/STM32CubeIDE_2.0.0/STM32CubeIDE/plugins/com.st.stm32cube.ide.mcu.externaltools.gnu-tools-for-stm32.13.3.rel1.win32_1.0.100.202509120712/tools/bin/../lib/gcc/arm-none-eabi/13.3.1/../../../../arm-none-eabi/lib/thumb/v7e-m+fp/hard\libc_nano.a(libc_a-msizer.o)
                0x08006c7c                _malloc_usable_size_r
 *(.glue_7)
 .glue_7        0x08006c8c        0x0 linker stubs
 *(.glue_7t)
 .glue_7t       0x08006c8c        0x0 linker stubs
 *(.eh_frame)
 .eh_frame      0x08006c8c        0x0 C:/ST/STM32CubeIDE_2.0.0/STM32CubeIDE/plugins/com.st.stm32cube.ide.mcu.externaltools.gnu-tools-for-stm32.13.3.rel1.win32_1.0.100.202509120712/tools/bin/../lib/gcc/arm-none-eabi/13.3.1/thumb/v7e-m+fp/hard/crtbegin.o
 *(.init)
 .init          0x08006c8c        0x4 C:/ST/STM32CubeIDE_2.0.0/STM32CubeIDE/plugins/com.st.stm32cube.ide.mcu.externaltools.gnu-tools-for-stm32.13.3.rel1.win32_1.0.100.202509120712/tools/bin/../lib/gcc/arm-none-eabi/13.3.1/thumb/v7e-m+fp/hard/crti.o
                0x08006c8c                _init
 .init          0x08006c90        0x8 C:/ST/STM32CubeIDE_2.0.0/STM32CubeIDE/plugins/com.st.stm32cube.ide.mcu.externaltools.gnu-tools-for-stm32.13.3.rel1.win32_1.0.100.202509120712/tools/bin/../lib/gcc/arm-none-eabi/13.3.1/thumb/v7e-m+fp/hard/crtn.o
 *(.fini)
 .fini          0x08006c98        0x4 C:/ST/STM32CubeIDE_2.0.0/STM32CubeIDE/plugins/com.st.stm32cube.ide.mcu.externaltools.gnu-tools-for-stm32.13.3.rel1.win32_1.0.100.202509120712/tools/bin/../lib/gcc/arm-none-eabi/13.3.1/thumb/v7e-m+fp/hard/crti.o
                0x08006c98                _fini
 .fini          0x08006c9c        0x8 C:/ST/STM32CubeIDE_2.0.0/STM32CubeIDE/plugins/com.st.stm32cube.ide.mcu.externaltools.gnu-tools-for-stm32.13.3.rel1.win32_1.0.100.202509120712/tools/bin/../lib/gcc/arm-none-eabi/13.3.1/thumb/v7e-m+fp/hard/crtn.o
                0x08006ca4                        . = ALIGN (0x4)
                0x08006ca4                        _etext = .

.vfp11_veneer   0x08006ca4        0x0
 .vfp11_veneer  0x08006ca4        0x0 linker stubs

.v4_bx          0x08006ca4        0x0
 .v4_bx         0x08006ca4        0x0 linker stubs

.iplt           0x08006ca4        0x0
 .iplt          0x08006ca4        0x0 C:/ST/STM32CubeIDE_2.0.0/STM32CubeIDE/plugins/com.st.stm32cube.ide.mcu.externaltools.gnu-tools-for-stm32.13.3.rel1.win32_1.0.100.202509120712/tools/bin/../lib/gcc/arm-none-eabi/13.3.1/thumb/v7e-m+fp/hard/crtbegin.o

.rodata         0x08006ca4     0x2758
                0x08006ca4                        . = ALIGN (0x4)
 *(.rodata)
 .rodata        0x08006ca4       0x69 ./Core/Src/main.o
 *(.rodata*)
 *fill*         0x08006d0d        0x3 
 .rodata.Font16_Table
                0x08006d10      0xbe0 ./Core/Src/font16.o
                0x08006d10                Font16_Table
 .rodata.Font24_Table
                0x080078f0     0x1ab8 ./Core/Src/font24.o
                0x080078f0                Font24_Table
 .rodata.AHBPrescTable
                0x080093a8       0x10 ./Core/Src/system_stm32f4xx.o
                0x080093a8                AHBPrescTable
 .rodata.APBPrescTable
                0x080093b8        0x8 ./Core/Src/system_stm32f4xx.o
                0x080093b8                APBPrescTable
 .rodata.flagBitshiftOffset.0
                0x080093c0        0x8 ./Drivers/STM32F4xx_HAL_Driver/Src/stm32f4xx_hal_dma.o
 .rodata._svfprintf_r.str1.1
                0x080093c8       0x33 C:/ST/STM32CubeIDE_2.0.0/STM32CubeIDE/plugins/com.st.stm32cube.ide.mcu.externaltools.gnu-tools-for-stm32.13.3.rel1.win32_1.0.100.202509120712/tools/bin/../lib/gcc/arm-none-eabi/13.3.1/../../../../arm-none-eabi/lib/thumb/v7e-m+fp/hard\libc_nano.a(libc_a-nano-svfprintf.o)
                                 0x11 (size before relaxing)
 .rodata._printf_i.str1.1
                0x080093fb        0x0 C:/ST/STM32CubeIDE_2.0.0/STM32CubeIDE/plugins/com.st.stm32cube.ide.mcu.externaltools.gnu-tools-for-stm32.13.3.rel1.win32_1.0.100.202509120712/tools/bin/../lib/gcc/arm-none-eabi/13.3.1/../../../../arm-none-eabi/lib/thumb/v7e-m+fp/hard\libc_nano.a(libc_a-nano-vfprintf_i.o)
                                 0x22 (size before relaxing)
                0x080093fc                        . = ALIGN (0x4)
 *fill*         0x080093fb        0x1 

.ARM.extab      0x080093fc        0x0
                0x080093fc                        . = ALIGN (0x4)
 *(.ARM.extab* .gnu.linkonce.armextab.*)
                0x080093fc                        . = ALIGN (0x4)

.ARM            0x080093fc        0x8
                0x080093fc                        . = ALIGN (0x4)
                0x080093fc                        __exidx_start = .
 *(.ARM.exidx*)
 .ARM.exidx     0x080093fc        0x8 C:/ST/STM32CubeIDE_2.0.0/STM32CubeIDE/plugins/com.st.stm32cube.ide.mcu.externaltools.gnu-tools-for-stm32.13.3.rel1.win32_1.0.100.202509120712/tools/bin/../lib/gcc/arm-none-eabi/13.3.1/../../../../arm-none-eabi/lib/thumb/v7e-m+fp/hard\libc_nano.a(libc_a-memchr.o)
 .ARM.exidx     0x08009404        0x0 C:/ST/STM32CubeIDE_2.0.0/STM32CubeIDE/plugins/com.st.stm32cube.ide.mcu.externaltools.gnu-tools-for-stm32.13.3.rel1.win32_1.0.100.202509120712/tools/bin/../lib/gcc/arm-none-eabi/13.3.1/thumb/v7e-m+fp/hard\libgcc.a(_udivmoddi4.o)
                                  0x8 (size before relaxing)
                0x08009404                        __exidx_end = .
                0x08009404                        . = ALIGN (0x4)

.preinit_array  0x08009404        0x0
                0x08009404                        . = ALIGN (0x4)
                0x08009404                        PROVIDE (__preinit_array_start = .)
 *(.preinit_array*)
                0x08009404                        PROVIDE (__preinit_array_end = .)
                0x08009404                        . = ALIGN (0x4)

.init_array     0x08009404        0x4
                0x08009404                        . = ALIGN (0x4)
                0x08009404                        PROVIDE (__init_array_start = .)
 *(SORT_BY_NAME(.init_array.*))
 *(.init_array*)
 .init_array    0x08009404        0x4 C:/ST/STM32CubeIDE_2.0.0/STM32CubeIDE/plugins/com.st.stm32cube.ide.mcu.externaltools.gnu-tools-for-stm32.13.3.rel1.win32_1.0.100.202509120712/tools/bin/../lib/gcc/arm-none-eabi/13.3.1/thumb/v7e-m+fp/hard/crtbegin.o
                0x08009408                        PROVIDE (__init_array_end = .)
                0x08009408                        . = ALIGN (0x4)

.fini_array     0x08009408        0x4
                0x08009408                        . = ALIGN (0x4)
                [!provide]                        PROVIDE (__fini_array_start = .)
 *(SORT_BY_NAME(.fini_array.*))
 *(.fini_array*)
 .fini_array    0x08009408        0x4 C:/ST/STM32CubeIDE_2.0.0/STM32CubeIDE/plugins/com.st.stm32cube.ide.mcu.externaltools.gnu-tools-for-stm32.13.3.rel1.win32_1.0.100.202509120712/tools/bin/../lib/gcc/arm-none-eabi/13.3.1/thumb/v7e-m+fp/hard/crtbegin.o
                [!provide]                        PROVIDE (__fini_array_end = .)
                0x0800940c                        . = ALIGN (0x4)
                0x0800940c                        _sidata = LOADADDR (.data)

.rel.dyn        0x0800940c        0x0
 .rel.iplt      0x0800940c        0x0 C:/ST/STM32CubeIDE_2.0.0/STM32CubeIDE/plugins/com.st.stm32cube.ide.mcu.externaltools.gnu-tools-for-stm32.13.3.rel1.win32_1.0.100.202509120712/tools/bin/../lib/gcc/arm-none-eabi/13.3.1/thumb/v7e-m+fp/hard/crtbegin.o

.data           0x20000000       0xb4 load address 0x0800940c
                0x20000000                        . = ALIGN (0x4)
                0x20000000                        _sdata = .
 *(.data)
 *(.data*)
 .data.Font16   0x20000000        0x8 ./Core/Src/font16.o
                0x20000000                Font16
 .data.Font24   0x20000008        0x8 ./Core/Src/font24.o
                0x20000008                Font24
 .data.ili9341_drv
                0x20000010       0x38 ./Core/Src/ili9341.o
                0x20000010                ili9341_drv
 .data.data_single
                0x20000048        0x1 ./Core/Src/main.o
                0x20000048                data_single
 *fill*         0x20000049        0x3 
 .data.data_array
                0x2000004c        0x3 ./Core/Src/main.o
                0x2000004c                data_array
 *fill*         0x2000004f        0x1 
 .data.SpixTimeout
                0x20000050        0x4 ./Core/Src/stm32f429i_discovery.o
                0x20000050                SpixTimeout
 .data.sdramstatus.2
                0x20000054        0x1 ./Core/Src/stm32f429i_discovery_sdram.o
 *fill*         0x20000055        0x3 
 .data.SystemCoreClock
                0x20000058        0x4 ./Core/Src/system_stm32f4xx.o
                0x20000058                SystemCoreClock
 .data.uwTickPrio
                0x2000005c        0x4 ./Drivers/STM32F4xx_HAL_Driver/Src/stm32f4xx_hal.o
                0x2000005c                uwTickPrio
 .data.uwTickFreq
                0x20000060        0x1 ./Drivers/STM32F4xx_HAL_Driver/Src/stm32f4xx_hal.o
                0x20000060                uwTickFreq
 *fill*         0x20000061        0x3 
 .data._impure_ptr
                0x20000064        0x4 C:/ST/STM32CubeIDE_2.0.0/STM32CubeIDE/plugins/com.st.stm32cube.ide.mcu.externaltools.gnu-tools-for-stm32.13.3.rel1.win32_1.0.100.202509120712/tools/bin/../lib/gcc/arm-none-eabi/13.3.1/../../../../arm-none-eabi/lib/thumb/v7e-m+fp/hard\libc_nano.a(libc_a-impure.o)
                0x20000064                _impure_ptr
 .data._impure_data
                0x20000068       0x4c C:/ST/STM32CubeIDE_2.0.0/STM32CubeIDE/plugins/com.st.stm32cube.ide.mcu.externaltools.gnu-tools-for-stm32.13.3.rel1.win32_1.0.100.202509120712/tools/bin/../lib/gcc/arm-none-eabi/13.3.1/../../../../arm-none-eabi/lib/thumb/v7e-m+fp/hard\libc_nano.a(libc_a-impure.o)
                0x20000068                _impure_data
 *(.RamFunc)
 *(.RamFunc*)
                0x200000b4                        . = ALIGN (0x4)
                0x200000b4                        _edata = .
                0x080094c0                        _siccmram = LOADADDR (.ccmram)

.igot.plt       0x200000b4        0x0 load address 0x080094c0
 .igot.plt      0x200000b4        0x0 C:/ST/STM32CubeIDE_2.0.0/STM32CubeIDE/plugins/com.st.stm32cube.ide.mcu.externaltools.gnu-tools-for-stm32.13.3.rel1.win32_1.0.100.202509120712/tools/bin/../lib/gcc/arm-none-eabi/13.3.1/thumb/v7e-m+fp/hard/crtbegin.o

.ccmram         0x10000000        0x0 load address 0x080094c0
                0x10000000                        . = ALIGN (0x4)
                0x10000000                        _sccmram = .
 *(.ccmram)
 *(.ccmram*)
                0x10000000                        . = ALIGN (0x4)
                0x10000000                        _eccmram = .
                0x10000000                        . = ALIGN (0x4)

.bss            0x200000b4      0x5c0
                0x200000b4                        _sbss = .
                0x200000b4                        __bss_start__ = _sbss
 *(.bss)
 .bss           0x200000b4       0x1c C:/ST/STM32CubeIDE_2.0.0/STM32CubeIDE/plugins/com.st.stm32cube.ide.mcu.externaltools.gnu-tools-for-stm32.13.3.rel1.win32_1.0.100.202509120712/tools/bin/../lib/gcc/arm-none-eabi/13.3.1/thumb/v7e-m+fp/hard/crtbegin.o
 *(.bss*)
 .bss.hdma2d    0x200000d0       0x40 ./Core/Src/main.o
                0x200000d0                hdma2d
 .bss.hi2c3     0x20000110       0x54 ./Core/Src/main.o
                0x20000110                hi2c3
 .bss.hltdc     0x20000164       0xa8 ./Core/Src/main.o
                0x20000164                hltdc
 .bss.hspi5     0x2000020c       0x58 ./Core/Src/main.o
                0x2000020c                hspi5
 .bss.hsdram2   0x20000264       0x34 ./Core/Src/main.o
                0x20000264                hsdram2
 .bss.lcd_buffer
                0x20000298       0x32 ./Core/Src/main.o
                0x20000298                lcd_buffer
 *fill*         0x200002ca        0x2 
 .bss.SpiHandle
                0x200002cc       0x58 ./Core/Src/stm32f429i_discovery.o
 .bss.Is_LCD_IO_Initialized
                0x20000324        0x1 ./Core/Src/stm32f429i_discovery.o
 *fill*         0x20000325        0x3 
 .bss.LtdcHandler
                0x20000328       0xa8 ./Core/Src/stm32f429i_discovery_lcd.o
                0x20000328                LtdcHandler
 .bss.Dma2dHandler
                0x200003d0       0x40 ./Core/Src/stm32f429i_discovery_lcd.o
 .bss.PeriphClkInitStruct
                0x20000410       0x30 ./Core/Src/stm32f429i_discovery_lcd.o
 .bss.ActiveLayer
                0x20000440        0x4 ./Core/Src/stm32f429i_discovery_lcd.o
 .bss.DrawProp  0x20000444       0x18 ./Core/Src/stm32f429i_discovery_lcd.o
 .bss.LcdDrv    0x2000045c        0x4 ./Core/Src/stm32f429i_discovery_lcd.o
                0x2000045c                LcdDrv
 .bss.SdramHandle
                0x20000460       0x34 ./Core/Src/stm32f429i_discovery_sdram.o
 .bss.Timing    0x20000494       0x1c ./Core/Src/stm32f429i_discovery_sdram.o
 .bss.Command   0x200004b0       0x10 ./Core/Src/stm32f429i_discovery_sdram.o
 .bss.dmaHandle.1
                0x200004c0       0x60 ./Core/Src/stm32f429i_discovery_sdram.o
 .bss.FMC_Initialized
                0x20000520        0x4 ./Core/Src/stm32f4xx_hal_msp.o
 .bss.__sbrk_heap_end
                0x20000524        0x4 ./Core/Src/sysmem.o
 .bss.uwTick    0x20000528        0x4 ./Drivers/STM32F4xx_HAL_Driver/Src/stm32f4xx_hal.o
                0x20000528                uwTick
 .bss.__sf      0x2000052c      0x138 C:/ST/STM32CubeIDE_2.0.0/STM32CubeIDE/plugins/com.st.stm32cube.ide.mcu.externaltools.gnu-tools-for-stm32.13.3.rel1.win32_1.0.100.202509120712/tools/bin/../lib/gcc/arm-none-eabi/13.3.1/../../../../arm-none-eabi/lib/thumb/v7e-m+fp/hard\libc_nano.a(libc_a-findfp.o)
                0x2000052c                __sf
 .bss.errno     0x20000664        0x4 C:/ST/STM32CubeIDE_2.0.0/STM32CubeIDE/plugins/com.st.stm32cube.ide.mcu.externaltools.gnu-tools-for-stm32.13.3.rel1.win32_1.0.100.202509120712/tools/bin/../lib/gcc/arm-none-eabi/13.3.1/../../../../arm-none-eabi/lib/thumb/v7e-m+fp/hard\libc_nano.a(libc_a-reent.o)
                0x20000664                errno
 .bss.__lock___malloc_recursive_mutex
                0x20000668        0x1 C:/ST/STM32CubeIDE_2.0.0/STM32CubeIDE/plugins/com.st.stm32cube.ide.mcu.externaltools.gnu-tools-for-stm32.13.3.rel1.win32_1.0.100.202509120712/tools/bin/../lib/gcc/arm-none-eabi/13.3.1/../../../../arm-none-eabi/lib/thumb/v7e-m+fp/hard\libc_nano.a(libc_a-lock.o)
                0x20000668                __lock___malloc_recursive_mutex
 *fill*         0x20000669        0x3 
 .bss.__malloc_sbrk_start
                0x2000066c        0x4 C:/ST/STM32CubeIDE_2.0.0/STM32CubeIDE/plugins/com.st.stm32cube.ide.mcu.externaltools.gnu-tools-for-stm32.13.3.rel1.win32_1.0.100.202509120712/tools/bin/../lib/gcc/arm-none-eabi/13.3.1/../../../../arm-none-eabi/lib/thumb/v7e-m+fp/hard\libc_nano.a(libc_a-mallocr.o)
                0x2000066c                __malloc_sbrk_start
 .bss.__malloc_free_list
                0x20000670        0x4 C:/ST/STM32CubeIDE_2.0.0/STM32CubeIDE/plugins/com.st.stm32cube.ide.mcu.externaltools.gnu-tools-for-stm32.13.3.rel1.win32_1.0.100.202509120712/tools/bin/../lib/gcc/arm-none-eabi/13.3.1/../../../../arm-none-eabi/lib/thumb/v7e-m+fp/hard\libc_nano.a(libc_a-mallocr.o)
                0x20000670                __malloc_free_list
 *(COMMON)
                0x20000674                        . = ALIGN (0x4)
                0x20000674                        _ebss = .
                0x20000674                        __bss_end__ = _ebss

._user_heap_stack
                0x20000674      0x604
                0x20000678                        . = ALIGN (0x8)
 *fill*         0x20000674        0x4 
                [!provide]                        PROVIDE (end = .)
                0x20000678                        PROVIDE (_end = .)
                0x20000878                        . = (. + _Min_Heap_Size)
 *fill*         0x20000678      0x200 
                0x20000c78                        . = (. + _Min_Stack_Size)
 *fill*         0x20000878      0x400 
                0x20000c78                        . = ALIGN (0x8)

/DISCARD/
 libc.a(*)
 libm.a(*)
 libgcc.a(*)

.ARM.attributes
                0x00000000       0x30
 *(.ARM.attributes)
 .ARM.attributes
                0x00000000       0x22 C:/ST/STM32CubeIDE_2.0.0/STM32CubeIDE/plugins/com.st.stm32cube.ide.mcu.externaltools.gnu-tools-for-stm32.13.3.rel1.win32_1.0.100.202509120712/tools/bin/../lib/gcc/arm-none-eabi/13.3.1/thumb/v7e-m+fp/hard/crti.o
 .ARM.attributes
                0x00000022       0x34 C:/ST/STM32CubeIDE_2.0.0/STM32CubeIDE/plugins/com.st.stm32cube.ide.mcu.externaltools.gnu-tools-for-stm32.13.3.rel1.win32_1.0.100.202509120712/tools/bin/../lib/gcc/arm-none-eabi/13.3.1/thumb/v7e-m+fp/hard/crtbegin.o
 .ARM.attributes
                0x00000056       0x34 ./Core/Src/font16.o
 .ARM.attributes
                0x0000008a       0x34 ./Core/Src/font24.o
 .ARM.attributes
                0x000000be       0x34 ./Core/Src/ili9341.o
 .ARM.attributes
                0x000000f2       0x34 ./Core/Src/main.o
 .ARM.attributes
                0x00000126       0x34 ./Core/Src/stm32f429i_discovery.o
 .ARM.attributes
                0x0000015a       0x34 ./Core/Src/stm32f429i_discovery_lcd.o
 .ARM.attributes
                0x0000018e       0x34 ./Core/Src/stm32f429i_discovery_sdram.o
 .ARM.attributes
                0x000001c2       0x34 ./Core/Src/stm32f4xx_hal_msp.o
 .ARM.attributes
                0x000001f6       0x34 ./Core/Src/stm32f4xx_it.o
 .ARM.attributes
                0x0000022a       0x34 ./Core/Src/sysmem.o
 .ARM.attributes
                0x0000025e       0x34 ./Core/Src/system_stm32f4xx.o
 .ARM.attributes
                0x00000292       0x21 ./Core/Startup/startup_stm32f429zitx.o
 .ARM.attributes
                0x000002b3       0x34 ./Drivers/STM32F4xx_HAL_Driver/Src/stm32f4xx_hal.o
 .ARM.attributes
                0x000002e7       0x34 ./Drivers/STM32F4xx_HAL_Driver/Src/stm32f4xx_hal_cortex.o
 .ARM.attributes
                0x0000031b       0x34 ./Drivers/STM32F4xx_HAL_Driver/Src/stm32f4xx_hal_dma.o
 .ARM.attributes
                0x0000034f       0x34 ./Drivers/STM32F4xx_HAL_Driver/Src/stm32f4xx_hal_dma2d.o
 .ARM.attributes
                0x00000383       0x34 ./Drivers/STM32F4xx_HAL_Driver/Src/stm32f4xx_hal_gpio.o
 .ARM.attributes
                0x000003b7       0x34 ./Drivers/STM32F4xx_HAL_Driver/Src/stm32f4xx_hal_i2c.o
 .ARM.attributes
                0x000003eb       0x34 ./Drivers/STM32F4xx_HAL_Driver/Src/stm32f4xx_hal_i2c_ex.o
 .ARM.attributes
                0x0000041f       0x34 ./Drivers/STM32F4xx_HAL_Driver/Src/stm32f4xx_hal_ltdc.o
 .ARM.attributes
                0x00000453       0x34 ./Drivers/STM32F4xx_HAL_Driver/Src/stm32f4xx_hal_rcc.o
 .ARM.attributes
                0x00000487       0x34 ./Drivers/STM32F4xx_HAL_Driver/Src/stm32f4xx_hal_rcc_ex.o
 .ARM.attributes
                0x000004bb       0x34 ./Drivers/STM32F4xx_HAL_Driver/Src/stm32f4xx_hal_sdram.o
 .ARM.attributes
                0x000004ef       0x34 ./Drivers/STM32F4xx_HAL_Driver/Src/stm32f4xx_hal_spi.o
 .ARM.attributes
                0x00000523       0x34 ./Drivers/STM32F4xx_HAL_Driver/Src/stm32f4xx_ll_fmc.o
 .ARM.attributes
                0x00000557       0x34 C:/ST/STM32CubeIDE_2.0.0/STM32CubeIDE/plugins/com.st.stm32cube.ide.mcu.externaltools.gnu-tools-for-stm32.13.3.rel1.win32_1.0.100.202509120712/tools/bin/../lib/gcc/arm-none-eabi/13.3.1/../../../../arm-none-eabi/lib/thumb/v7e-m+fp/hard\libc_nano.a(libc_a-findfp.o)
 .ARM.attributes
                0x0000058b       0x34 C:/ST/STM32CubeIDE_2.0.0/STM32CubeIDE/plugins/com.st.stm32cube.ide.mcu.externaltools.gnu-tools-for-stm32.13.3.rel1.win32_1.0.100.202509120712/tools/bin/../lib/gcc/arm-none-eabi/13.3.1/../../../../arm-none-eabi/lib/thumb/v7e-m+fp/hard\libc_nano.a(libc_a-sprintf.o)
 .ARM.attributes
                0x000005bf       0x34 C:/ST/STM32CubeIDE_2.0.0/STM32CubeIDE/plugins/com.st.stm32cube.ide.mcu.externaltools.gnu-tools-for-stm32.13.3.rel1.win32_1.0.100.202509120712/tools/bin/../lib/gcc/arm-none-eabi/13.3.1/../../../../arm-none-eabi/lib/thumb/v7e-m+fp/hard\libc_nano.a(libc_a-memset.o)
 .ARM.attributes
                0x000005f3       0x34 C:/ST/STM32CubeIDE_2.0.0/STM32CubeIDE/plugins/com.st.stm32cube.ide.mcu.externaltools.gnu-tools-for-stm32.13.3.rel1.win32_1.0.100.202509120712/tools/bin/../lib/gcc/arm-none-eabi/13.3.1/../../../../arm-none-eabi/lib/thumb/v7e-m+fp/hard\libc_nano.a(libc_a-reent.o)
 .ARM.attributes
                0x00000627       0x34 C:/ST/STM32CubeIDE_2.0.0/STM32CubeIDE/plugins/com.st.stm32cube.ide.mcu.externaltools.gnu-tools-for-stm32.13.3.rel1.win32_1.0.100.202509120712/tools/bin/../lib/gcc/arm-none-eabi/13.3.1/../../../../arm-none-eabi/lib/thumb/v7e-m+fp/hard\libc_nano.a(libc_a-impure.o)
 .ARM.attributes
                0x0000065b       0x34 C:/ST/STM32CubeIDE_2.0.0/STM32CubeIDE/plugins/com.st.stm32cube.ide.mcu.externaltools.gnu-tools-for-stm32.13.3.rel1.win32_1.0.100.202509120712/tools/bin/../lib/gcc/arm-none-eabi/13.3.1/../../../../arm-none-eabi/lib/thumb/v7e-m+fp/hard\libc_nano.a(libc_a-errno.o)
 .ARM.attributes
                0x0000068f       0x34 C:/ST/STM32CubeIDE_2.0.0/STM32CubeIDE/plugins/com.st.stm32cube.ide.mcu.externaltools.gnu-tools-for-stm32.13.3.rel1.win32_1.0.100.202509120712/tools/bin/../lib/gcc/arm-none-eabi/13.3.1/../../../../arm-none-eabi/lib/thumb/v7e-m+fp/hard\libc_nano.a(libc_a-init.o)
 .ARM.attributes
                0x000006c3       0x34 C:/ST/STM32CubeIDE_2.0.0/STM32CubeIDE/plugins/com.st.stm32cube.ide.mcu.externaltools.gnu-tools-for-stm32.13.3.rel1.win32_1.0.100.202509120712/tools/bin/../lib/gcc/arm-none-eabi/13.3.1/../../../../arm-none-eabi/lib/thumb/v7e-m+fp/hard\libc_nano.a(libc_a-lock.o)
 .ARM.attributes
                0x000006f7       0x34 C:/ST/STM32CubeIDE_2.0.0/STM32CubeIDE/plugins/com.st.stm32cube.ide.mcu.externaltools.gnu-tools-for-stm32.13.3.rel1.win32_1.0.100.202509120712/tools/bin/../lib/gcc/arm-none-eabi/13.3.1/../../../../arm-none-eabi/lib/thumb/v7e-m+fp/hard\libc_nano.a(libc_a-freer.o)
 .ARM.attributes
                0x0000072b       0x34 C:/ST/STM32CubeIDE_2.0.0/STM32CubeIDE/plugins/com.st.stm32cube.ide.mcu.externaltools.gnu-tools-for-stm32.13.3.rel1.win32_1.0.100.202509120712/tools/bin/../lib/gcc/arm-none-eabi/13.3.1/../../../../arm-none-eabi/lib/thumb/v7e-m+fp/hard\libc_nano.a(libc_a-mallocr.o)
 .ARM.attributes
                0x0000075f       0x34 C:/ST/STM32CubeIDE_2.0.0/STM32CubeIDE/plugins/com.st.stm32cube.ide.mcu.externaltools.gnu-tools-for-stm32.13.3.rel1.win32_1.0.100.202509120712/tools/bin/../lib/gcc/arm-none-eabi/13.3.1/../../../../arm-none-eabi/lib/thumb/v7e-m+fp/hard\libc_nano.a(libc_a-mlock.o)
 .ARM.attributes
                0x00000793       0x34 C:/ST/STM32CubeIDE_2.0.0/STM32CubeIDE/plugins/com.st.stm32cube.ide.mcu.externaltools.gnu-tools-for-stm32.13.3.rel1.win32_1.0.100.202509120712/tools/bin/../lib/gcc/arm-none-eabi/13.3.1/../../../../arm-none-eabi/lib/thumb/v7e-m+fp/hard\libc_nano.a(libc_a-nano-svfprintf.o)
 .ARM.attributes
                0x000007c7       0x34 C:/ST/STM32CubeIDE_2.0.0/STM32CubeIDE/plugins/com.st.stm32cube.ide.mcu.externaltools.gnu-tools-for-stm32.13.3.rel1.win32_1.0.100.202509120712/tools/bin/../lib/gcc/arm-none-eabi/13.3.1/../../../../arm-none-eabi/lib/thumb/v7e-m+fp/hard\libc_nano.a(libc_a-nano-vfprintf_i.o)
 .ARM.attributes
                0x000007fb       0x34 C:/ST/STM32CubeIDE_2.0.0/STM32CubeIDE/plugins/com.st.stm32cube.ide.mcu.externaltools.gnu-tools-for-stm32.13.3.rel1.win32_1.0.100.202509120712/tools/bin/../lib/gcc/arm-none-eabi/13.3.1/../../../../arm-none-eabi/lib/thumb/v7e-m+fp/hard\libc_nano.a(libc_a-memmove.o)
 .ARM.attributes
                0x0000082f       0x34 C:/ST/STM32CubeIDE_2.0.0/STM32CubeIDE/plugins/com.st.stm32cube.ide.mcu.externaltools.gnu-tools-for-stm32.13.3.rel1.win32_1.0.100.202509120712/tools/bin/../lib/gcc/arm-none-eabi/13.3.1/../../../../arm-none-eabi/lib/thumb/v7e-m+fp/hard\libc_nano.a(libc_a-sbrkr.o)
 .ARM.attributes
                0x00000863       0x1c C:/ST/STM32CubeIDE_2.0.0/STM32CubeIDE/plugins/com.st.stm32cube.ide.mcu.externaltools.gnu-tools-for-stm32.13.3.rel1.win32_1.0.100.202509120712/tools/bin/../lib/gcc/arm-none-eabi/13.3.1/../../../../arm-none-eabi/lib/thumb/v7e-m+fp/hard\libc_nano.a(libc_a-memchr.o)
 .ARM.attributes
                0x0000087f       0x34 C:/ST/STM32CubeIDE_2.0.0/STM32CubeIDE/plugins/com.st.stm32cube.ide.mcu.externaltools.gnu-tools-for-stm32.13.3.rel1.win32_1.0.100.202509120712/tools/bin/../lib/gcc/arm-none-eabi/13.3.1/../../../../arm-none-eabi/lib/thumb/v7e-m+fp/hard\libc_nano.a(libc_a-memcpy-stub.o)
 .ARM.attributes
                0x000008b3       0x34 C:/ST/STM32CubeIDE_2.0.0/STM32CubeIDE/plugins/com.st.stm32cube.ide.mcu.externaltools.gnu-tools-for-stm32.13.3.rel1.win32_1.0.100.202509120712/tools/bin/../lib/gcc/arm-none-eabi/13.3.1/../../../../arm-none-eabi/lib/thumb/v7e-m+fp/hard\libc_nano.a(libc_a-reallocr.o)
 .ARM.attributes
                0x000008e7       0x34 C:/ST/STM32CubeIDE_2.0.0/STM32CubeIDE/plugins/com.st.stm32cube.ide.mcu.externaltools.gnu-tools-for-stm32.13.3.rel1.win32_1.0.100.202509120712/tools/bin/../lib/gcc/arm-none-eabi/13.3.1/../../../../arm-none-eabi/lib/thumb/v7e-m+fp/hard\libc_nano.a(libc_a-msizer.o)
 .ARM.attributes
                0x0000091b       0x22 C:/ST/STM32CubeIDE_2.0.0/STM32CubeIDE/plugins/com.st.stm32cube.ide.mcu.externaltools.gnu-tools-for-stm32.13.3.rel1.win32_1.0.100.202509120712/tools/bin/../lib/gcc/arm-none-eabi/13.3.1/thumb/v7e-m+fp/hard\libgcc.a(_aeabi_uldivmod.o)
 .ARM.attributes
                0x0000093d       0x34 C:/ST/STM32CubeIDE_2.0.0/STM32CubeIDE/plugins/com.st.stm32cube.ide.mcu.externaltools.gnu-tools-for-stm32.13.3.rel1.win32_1.0.100.202509120712/tools/bin/../lib/gcc/arm-none-eabi/13.3.1/thumb/v7e-m+fp/hard\libgcc.a(_udivmoddi4.o)
 .ARM.attributes
                0x00000971       0x22 C:/ST/STM32CubeIDE_2.0.0/STM32CubeIDE/plugins/com.st.stm32cube.ide.mcu.externaltools.gnu-tools-for-stm32.13.3.rel1.win32_1.0.100.202509120712/tools/bin/../lib/gcc/arm-none-eabi/13.3.1/thumb/v7e-m+fp/hard\libgcc.a(_dvmd_tls.o)
 .ARM.attributes
                0x00000993       0x22 C:/ST/STM32CubeIDE_2.0.0/STM32CubeIDE/plugins/com.st.stm32cube.ide.mcu.externaltools.gnu-tools-for-stm32.13.3.rel1.win32_1.0.100.202509120712/tools/bin/../lib/gcc/arm-none-eabi/13.3.1/thumb/v7e-m+fp/hard/crtn.o
OUTPUT(lab6.elf elf32-littlearm)
LOAD linker stubs
LOAD C:/ST/STM32CubeIDE_2.0.0/STM32CubeIDE/plugins/com.st.stm32cube.ide.mcu.externaltools.gnu-tools-for-stm32.13.3.rel1.win32_1.0.100.202509120712/tools/bin/../lib/gcc/arm-none-eabi/13.3.1/../../../../arm-none-eabi/lib/thumb/v7e-m+fp/hard\libc.a
LOAD C:/ST/STM32CubeIDE_2.0.0/STM32CubeIDE/plugins/com.st.stm32cube.ide.mcu.externaltools.gnu-tools-for-stm32.13.3.rel1.win32_1.0.100.202509120712/tools/bin/../lib/gcc/arm-none-eabi/13.3.1/../../../../arm-none-eabi/lib/thumb/v7e-m+fp/hard\libm.a
LOAD C:/ST/STM32CubeIDE_2.0.0/STM32CubeIDE/plugins/com.st.stm32cube.ide.mcu.externaltools.gnu-tools-for-stm32.13.3.rel1.win32_1.0.100.202509120712/tools/bin/../lib/gcc/arm-none-eabi/13.3.1/thumb/v7e-m+fp/hard\libgcc.a

.debug_info     0x00000000    0x14020
 .debug_info    0x00000000      0x125 ./Core/Src/font16.o
 .debug_info    0x00000125      0x125 ./Core/Src/font24.o
 .debug_info    0x0000024a      0x388 ./Core/Src/ili9341.o
 .debug_info    0x000005d2     0x1b1c ./Core/Src/main.o
 .debug_info    0x000020ee     0x199a ./Core/Src/stm32f429i_discovery.o
 .debug_info    0x00003a88     0x2346 ./Core/Src/stm32f429i_discovery_lcd.o
 .debug_info    0x00005dce     0x1010 ./Core/Src/stm32f429i_discovery_sdram.o
 .debug_info    0x00006dde     0x1896 ./Core/Src/stm32f4xx_hal_msp.o
 .debug_info    0x00008674      0x112 ./Core/Src/stm32f4xx_it.o
 .debug_info    0x00008786      0x168 ./Core/Src/sysmem.o
 .debug_info    0x000088ee      0x52e ./Core/Src/system_stm32f4xx.o
 .debug_info    0x00008e1c       0x30 ./Core/Startup/startup_stm32f429zitx.o
 .debug_info    0x00008e4c      0x9ba ./Drivers/STM32F4xx_HAL_Driver/Src/stm32f4xx_hal.o
 .debug_info    0x00009806      0xdc2 ./Drivers/STM32F4xx_HAL_Driver/Src/stm32f4xx_hal_cortex.o
 .debug_info    0x0000a5c8      0x8e7 ./Drivers/STM32F4xx_HAL_Driver/Src/stm32f4xx_hal_dma.o
 .debug_info    0x0000aeaf      0xe82 ./Drivers/STM32F4xx_HAL_Driver/Src/stm32f4xx_hal_dma2d.o
 .debug_info    0x0000bd31      0x6db ./Drivers/STM32F4xx_HAL_Driver/Src/stm32f4xx_hal_gpio.o
 .debug_info    0x0000c40c     0x2421 ./Drivers/STM32F4xx_HAL_Driver/Src/stm32f4xx_hal_i2c.o
 .debug_info    0x0000e82d      0x672 ./Drivers/STM32F4xx_HAL_Driver/Src/stm32f4xx_hal_i2c_ex.o
 .debug_info    0x0000ee9f     0x1031 ./Drivers/STM32F4xx_HAL_Driver/Src/stm32f4xx_hal_ltdc.o
 .debug_info    0x0000fed0      0x8db ./Drivers/STM32F4xx_HAL_Driver/Src/stm32f4xx_hal_rcc.o
 .debug_info    0x000107ab      0x64c ./Drivers/STM32F4xx_HAL_Driver/Src/stm32f4xx_hal_rcc_ex.o
 .debug_info    0x00010df7      0xed7 ./Drivers/STM32F4xx_HAL_Driver/Src/stm32f4xx_hal_sdram.o
 .debug_info    0x00011cce     0x1525 ./Drivers/STM32F4xx_HAL_Driver/Src/stm32f4xx_hal_spi.o
 .debug_info    0x000131f3      0xe2d ./Drivers/STM32F4xx_HAL_Driver/Src/stm32f4xx_ll_fmc.o

.debug_abbrev   0x00000000     0x3014
 .debug_abbrev  0x00000000       0xb1 ./Core/Src/font16.o
 .debug_abbrev  0x000000b1       0xb1 ./Core/Src/font24.o
 .debug_abbrev  0x00000162      0x1ad ./Core/Src/ili9341.o
 .debug_abbrev  0x0000030f      0x2d3 ./Core/Src/main.o
 .debug_abbrev  0x000005e2      0x2fc ./Core/Src/stm32f429i_discovery.o
 .debug_abbrev  0x000008de      0x328 ./Core/Src/stm32f429i_discovery_lcd.o
 .debug_abbrev  0x00000c06      0x286 ./Core/Src/stm32f429i_discovery_sdram.o
 .debug_abbrev  0x00000e8c      0x282 ./Core/Src/stm32f4xx_hal_msp.o
 .debug_abbrev  0x0000110e       0x73 ./Core/Src/stm32f4xx_it.o
 .debug_abbrev  0x00001181       0xbc ./Core/Src/sysmem.o
 .debug_abbrev  0x0000123d      0x11a ./Core/Src/system_stm32f4xx.o
 .debug_abbrev  0x00001357       0x24 ./Core/Startup/startup_stm32f429zitx.o
 .debug_abbrev  0x0000137b      0x214 ./Drivers/STM32F4xx_HAL_Driver/Src/stm32f4xx_hal.o
 .debug_abbrev  0x0000158f      0x31d ./Drivers/STM32F4xx_HAL_Driver/Src/stm32f4xx_hal_cortex.o
 .debug_abbrev  0x000018ac      0x264 ./Drivers/STM32F4xx_HAL_Driver/Src/stm32f4xx_hal_dma.o
 .debug_abbrev  0x00001b10      0x23e ./Drivers/STM32F4xx_HAL_Driver/Src/stm32f4xx_hal_dma2d.o
 .debug_abbrev  0x00001d4e      0x1d4 ./Drivers/STM32F4xx_HAL_Driver/Src/stm32f4xx_hal_gpio.o
 .debug_abbrev  0x00001f22      0x2ad ./Drivers/STM32F4xx_HAL_Driver/Src/stm32f4xx_hal_i2c.o
 .debug_abbrev  0x000021cf      0x157 ./Drivers/STM32F4xx_HAL_Driver/Src/stm32f4xx_hal_i2c_ex.o
 .debug_abbrev  0x00002326      0x23a ./Drivers/STM32F4xx_HAL_Driver/Src/stm32f4xx_hal_ltdc.o
 .debug_abbrev  0x00002560      0x2b7 ./Drivers/STM32F4xx_HAL_Driver/Src/stm32f4xx_hal_rcc.o
 .debug_abbrev  0x00002817      0x1b0 ./Drivers/STM32F4xx_HAL_Driver/Src/stm32f4xx_hal_rcc_ex.o
 .debug_abbrev  0x000029c7      0x227 ./Drivers/STM32F4xx_HAL_Driver/Src/stm32f4xx_hal_sdram.o
 .debug_abbrev  0x00002bee      0x27a ./Drivers/STM32F4xx_HAL_Driver/Src/stm32f4xx_hal_spi.o
 .debug_abbrev  0x00002e68      0x1ac ./Drivers/STM32F4xx_HAL_Driver/Src/stm32f4xx_ll_fmc.o

.debug_aranges  0x00000000     0x1268
 .debug_aranges
                0x00000000       0x18 ./Core/Src/font16.o
 .debug_aranges
                0x00000018       0x18 ./Core/Src/font24.o
 .debug_aranges
                0x00000030       0x60 ./Core/Src/ili9341.o
 .debug_aranges
                0x00000090       0x60 ./Core/Src/main.o
 .debug_aranges
                0x000000f0      0x138 ./Core/Src/stm32f429i_discovery.o
 .debug_aranges
                0x00000228      0x1a8 ./Core/Src/stm32f429i_discovery_lcd.o
 .debug_aranges
                0x000003d0       0x68 ./Core/Src/stm32f429i_discovery_sdram.o
 .debug_aranges
                0x00000438       0x80 ./Core/Src/stm32f4xx_hal_msp.o
 .debug_aranges
                0x000004b8       0x60 ./Core/Src/stm32f4xx_it.o
 .debug_aranges
                0x00000518       0x20 ./Core/Src/sysmem.o
 .debug_aranges
                0x00000538       0x28 ./Core/Src/system_stm32f4xx.o
 .debug_aranges
                0x00000560       0x28 ./Core/Startup/startup_stm32f429zitx.o
 .debug_aranges
                0x00000588      0x100 ./Drivers/STM32F4xx_HAL_Driver/Src/stm32f4xx_hal.o
 .debug_aranges
                0x00000688      0x130 ./Drivers/STM32F4xx_HAL_Driver/Src/stm32f4xx_hal_cortex.o
 .debug_aranges
                0x000007b8       0x90 ./Drivers/STM32F4xx_HAL_Driver/Src/stm32f4xx_hal_dma.o
 .debug_aranges
                0x00000848      0x118 ./Drivers/STM32F4xx_HAL_Driver/Src/stm32f4xx_hal_dma2d.o
 .debug_aranges
                0x00000960       0x58 ./Drivers/STM32F4xx_HAL_Driver/Src/stm32f4xx_hal_gpio.o
 .debug_aranges
                0x000009b8      0x2a8 ./Drivers/STM32F4xx_HAL_Driver/Src/stm32f4xx_hal_i2c.o
 .debug_aranges
                0x00000c60       0x28 ./Drivers/STM32F4xx_HAL_Driver/Src/stm32f4xx_hal_i2c_ex.o
 .debug_aranges
                0x00000c88      0x158 ./Drivers/STM32F4xx_HAL_Driver/Src/stm32f4xx_hal_ltdc.o
 .debug_aranges
                0x00000de0       0x88 ./Drivers/STM32F4xx_HAL_Driver/Src/stm32f4xx_hal_rcc.o
 .debug_aranges
                0x00000e68       0x58 ./Drivers/STM32F4xx_HAL_Driver/Src/stm32f4xx_hal_rcc_ex.o
 .debug_aranges
                0x00000ec0       0xe8 ./Drivers/STM32F4xx_HAL_Driver/Src/stm32f4xx_hal_sdram.o
 .debug_aranges
                0x00000fa8      0x1d0 ./Drivers/STM32F4xx_HAL_Driver/Src/stm32f4xx_hal_spi.o
 .debug_aranges
                0x00001178       0xf0 ./Drivers/STM32F4xx_HAL_Driver/Src/stm32f4xx_ll_fmc.o

.debug_macro    0x00000000    0x24b68
 .debug_macro   0x00000000       0x73 ./Core/Src/font16.o
 .debug_macro   0x00000073       0x73 ./Core/Src/font24.o
 .debug_macro   0x000000e6       0x7c ./Core/Src/ili9341.o
 .debug_macro   0x00000162      0x26d ./Core/Src/ili9341.o
 .debug_macro   0x000003cf      0x348 ./Core/Src/main.o
 .debug_macro   0x00000717      0x2ad ./Core/Src/main.o
 .debug_macro   0x000009c4       0x2e ./Core/Src/main.o
 .debug_macro   0x000009f2       0x28 ./Core/Src/main.o
 .debug_macro   0x00000a1a       0x1c ./Core/Src/main.o
 .debug_macro   0x00000a36       0x22 ./Core/Src/main.o
 .debug_macro   0x00000a58       0xfb ./Core/Src/main.o
 .debug_macro   0x00000b53     0x1011 ./Core/Src/main.o
 .debug_macro   0x00001b64      0x11f ./Core/Src/main.o
 .debug_macro   0x00001c83    0x17ff1 ./Core/Src/main.o
 .debug_macro   0x00019c74       0x6d ./Core/Src/main.o
 .debug_macro   0x00019ce1     0x370a ./Core/Src/main.o
 .debug_macro   0x0001d3eb      0x190 ./Core/Src/main.o
 .debug_macro   0x0001d57b       0x5c ./Core/Src/main.o
 .debug_macro   0x0001d5d7      0xcba ./Core/Src/main.o
 .debug_macro   0x0001e291      0x9e9 ./Core/Src/main.o
 .debug_macro   0x0001ec7a      0x115 ./Core/Src/main.o
 .debug_macro   0x0001ed8f      0x156 ./Core/Src/main.o
 .debug_macro   0x0001eee5       0xa5 ./Core/Src/main.o
 .debug_macro   0x0001ef8a      0x182 ./Core/Src/main.o
 .debug_macro   0x0001f10c      0x287 ./Core/Src/main.o
 .debug_macro   0x0001f393       0x5f ./Core/Src/main.o
 .debug_macro   0x0001f3f2      0x236 ./Core/Src/main.o
 .debug_macro   0x0001f628      0x208 ./Core/Src/main.o
 .debug_macro   0x0001f830      0x132 ./Core/Src/main.o
 .debug_macro   0x0001f962      0x41d ./Core/Src/main.o
 .debug_macro   0x0001fd7f       0x2e ./Core/Src/main.o
 .debug_macro   0x0001fdad      0x556 ./Core/Src/main.o
 .debug_macro   0x00020303      0x1b5 ./Core/Src/main.o
 .debug_macro   0x000204b8       0x22 ./Core/Src/main.o
 .debug_macro   0x000204da       0xd6 ./Core/Src/main.o
 .debug_macro   0x000205b0      0x198 ./Core/Src/main.o
 .debug_macro   0x00020748       0xd6 ./Core/Src/main.o
 .debug_macro   0x0002081e      0x127 ./Core/Src/main.o
 .debug_macro   0x00020945       0xe2 ./Core/Src/main.o
 .debug_macro   0x00020a27       0x89 ./Core/Src/main.o
 .debug_macro   0x00020ab0      0x225 ./Core/Src/main.o
 .debug_macro   0x00020cd5      0x134 ./Core/Src/main.o
 .debug_macro   0x00020e09       0x10 ./Core/Src/main.o
 .debug_macro   0x00020e19      0x25e ./Core/Src/main.o
 .debug_macro   0x00021077       0xa6 ./Core/Src/main.o
 .debug_macro   0x0002111d       0x10 ./Core/Src/main.o
 .debug_macro   0x0002112d      0x113 ./Core/Src/main.o
 .debug_macro   0x00021240       0x61 ./Core/Src/main.o
 .debug_macro   0x000212a1       0x2a ./Core/Src/main.o
 .debug_macro   0x000212cb       0x43 ./Core/Src/main.o
 .debug_macro   0x0002130e       0x34 ./Core/Src/main.o
 .debug_macro   0x00021342       0x16 ./Core/Src/main.o
 .debug_macro   0x00021358       0x3c ./Core/Src/main.o
 .debug_macro   0x00021394      0x370 ./Core/Src/main.o
 .debug_macro   0x00021704       0x10 ./Core/Src/main.o
 .debug_macro   0x00021714       0x16 ./Core/Src/main.o
 .debug_macro   0x0002172a       0x4a ./Core/Src/main.o
 .debug_macro   0x00021774       0x34 ./Core/Src/main.o
 .debug_macro   0x000217a8       0x10 ./Core/Src/main.o
 .debug_macro   0x000217b8       0x58 ./Core/Src/main.o
 .debug_macro   0x00021810       0x8e ./Core/Src/main.o
 .debug_macro   0x0002189e       0x1c ./Core/Src/main.o
 .debug_macro   0x000218ba      0x185 ./Core/Src/main.o
 .debug_macro   0x00021a3f       0x16 ./Core/Src/main.o
 .debug_macro   0x00021a55       0x16 ./Core/Src/main.o
 .debug_macro   0x00021a6b      0x146 ./Core/Src/main.o
 .debug_macro   0x00021bb1      0x23f ./Core/Src/stm32f429i_discovery.o
 .debug_macro   0x00021df0      0x258 ./Core/Src/stm32f429i_discovery.o
 .debug_macro   0x00022048      0x26d ./Core/Src/stm32f429i_discovery_lcd.o
 .debug_macro   0x000222b5      0x230 ./Core/Src/stm32f429i_discovery_sdram.o
 .debug_macro   0x000224e5       0xa0 ./Core/Src/stm32f429i_discovery_sdram.o
 .debug_macro   0x00022585      0x221 ./Core/Src/stm32f4xx_hal_msp.o
 .debug_macro   0x000227a6      0x22b ./Core/Src/stm32f4xx_it.o
 .debug_macro   0x000229d1      0x112 ./Core/Src/sysmem.o
 .debug_macro   0x00022ae3      0x23c ./Core/Src/sysmem.o
 .debug_macro   0x00022d1f      0x212 ./Core/Src/system_stm32f4xx.o
 .debug_macro   0x00022f31      0x272 ./Drivers/STM32F4xx_HAL_Driver/Src/stm32f4xx_hal.o
 .debug_macro   0x000231a3      0x212 ./Drivers/STM32F4xx_HAL_Driver/Src/stm32f4xx_hal_cortex.o
 .debug_macro   0x000233b5      0x218 ./Drivers/STM32F4xx_HAL_Driver/Src/stm32f4xx_hal_dma.o
 .debug_macro   0x000235cd      0x221 ./Drivers/STM32F4xx_HAL_Driver/Src/stm32f4xx_hal_dma2d.o
 .debug_macro   0x000237ee      0x218 ./Drivers/STM32F4xx_HAL_Driver/Src/stm32f4xx_hal_gpio.o
 .debug_macro   0x00023a06      0x260 ./Drivers/STM32F4xx_HAL_Driver/Src/stm32f4xx_hal_i2c.o
 .debug_macro   0x00023c66      0x212 ./Drivers/STM32F4xx_HAL_Driver/Src/stm32f4xx_hal_i2c_ex.o
 .debug_macro   0x00023e78      0x21a ./Drivers/STM32F4xx_HAL_Driver/Src/stm32f4xx_hal_ltdc.o
 .debug_macro   0x00024092      0x236 ./Drivers/STM32F4xx_HAL_Driver/Src/stm32f4xx_hal_rcc.o
 .debug_macro   0x000242c8      0x212 ./Drivers/STM32F4xx_HAL_Driver/Src/stm32f4xx_hal_rcc_ex.o
 .debug_macro   0x000244da      0x212 ./Drivers/STM32F4xx_HAL_Driver/Src/stm32f4xx_hal_sdram.o
 .debug_macro   0x000246ec      0x221 ./Drivers/STM32F4xx_HAL_Driver/Src/stm32f4xx_hal_spi.o
 .debug_macro   0x0002490d      0x25b ./Drivers/STM32F4xx_HAL_Driver/Src/stm32f4xx_ll_fmc.o

.debug_line     0x00000000    0x159e7
 .debug_line    0x00000000      0x403 ./Core/Src/font16.o
 .debug_line    0x00000403      0x403 ./Core/Src/font24.o
 .debug_line    0x00000806      0x55d ./Core/Src/ili9341.o
 .debug_line    0x00000d63      0xc6c ./Core/Src/main.o
 .debug_line    0x000019cf      0xcf6 ./Core/Src/stm32f429i_discovery.o
 .debug_line    0x000026c5     0x168d ./Core/Src/stm32f429i_discovery_lcd.o
 .debug_line    0x00003d52      0x9bf ./Core/Src/stm32f429i_discovery_sdram.o
 .debug_line    0x00004711      0xa82 ./Core/Src/stm32f4xx_hal_msp.o
 .debug_line    0x00005193      0x873 ./Core/Src/stm32f4xx_it.o
 .debug_line    0x00005a06      0x58d ./Core/Src/sysmem.o
 .debug_line    0x00005f93      0x83a ./Core/Src/system_stm32f4xx.o
 .debug_line    0x000067cd       0x7a ./Core/Startup/startup_stm32f429zitx.o
 .debug_line    0x00006847      0xaec ./Drivers/STM32F4xx_HAL_Driver/Src/stm32f4xx_hal.o
 .debug_line    0x00007333      0xd86 ./Drivers/STM32F4xx_HAL_Driver/Src/stm32f4xx_hal_cortex.o
 .debug_line    0x000080b9     0x1022 ./Drivers/STM32F4xx_HAL_Driver/Src/stm32f4xx_hal_dma.o
 .debug_line    0x000090db     0x11de ./Drivers/STM32F4xx_HAL_Driver/Src/stm32f4xx_hal_dma2d.o
 .debug_line    0x0000a2b9      0xc36 ./Drivers/STM32F4xx_HAL_Driver/Src/stm32f4xx_hal_gpio.o
 .debug_line    0x0000aeef     0x3b63 ./Drivers/STM32F4xx_HAL_Driver/Src/stm32f4xx_hal_i2c.o
 .debug_line    0x0000ea52      0x83f ./Drivers/STM32F4xx_HAL_Driver/Src/stm32f4xx_hal_i2c_ex.o
 .debug_line    0x0000f291     0x13c6 ./Drivers/STM32F4xx_HAL_Driver/Src/stm32f4xx_hal_ltdc.o
 .debug_line    0x00010657      0xec5 ./Drivers/STM32F4xx_HAL_Driver/Src/stm32f4xx_hal_rcc.o
 .debug_line    0x0001151c      0xd0e ./Drivers/STM32F4xx_HAL_Driver/Src/stm32f4xx_hal_rcc_ex.o
 .debug_line    0x0001222a      0xdc1 ./Drivers/STM32F4xx_HAL_Driver/Src/stm32f4xx_hal_sdram.o
 .debug_line    0x00012feb     0x1d51 ./Drivers/STM32F4xx_HAL_Driver/Src/stm32f4xx_hal_spi.o
 .debug_line    0x00014d3c      0xcab ./Drivers/STM32F4xx_HAL_Driver/Src/stm32f4xx_ll_fmc.o

.debug_str      0x00000000    0xde5d9
 .debug_str     0x00000000    0xde5d9 ./Core/Src/font16.o
                               0x3e16 (size before relaxing)
 .debug_str     0x000de5d9        0x0 ./Core/Src/font24.o
                               0x3e16 (size before relaxing)
 .debug_str     0x000de5d9        0x0 ./Core/Src/ili9341.o
                               0x4641 (size before relaxing)
 .debug_str     0x000de5d9        0x0 ./Core/Src/main.o
                              0xd963a (size before relaxing)
 .debug_str     0x000de5d9        0x0 ./Core/Src/stm32f429i_discovery.o
                              0xd4e10 (size before relaxing)
 .debug_str     0x000de5d9        0x0 ./Core/Src/stm32f429i_discovery_lcd.o
                              0xd5ddb (size before relaxing)
 .debug_str     0x000de5d9        0x0 ./Core/Src/stm32f429i_discovery_sdram.o
                              0xd4d12 (size before relaxing)
 .debug_str     0x000de5d9        0x0 ./Core/Src/stm32f4xx_hal_msp.o
                              0xd3adb (size before relaxing)
 .debug_str     0x000de5d9        0x0 ./Core/Src/stm32f4xx_it.o
                              0xd2b01 (size before relaxing)
 .debug_str     0x000de5d9        0x0 ./Core/Src/sysmem.o
                               0x7769 (size before relaxing)
 .debug_str     0x000de5d9        0x0 ./Core/Src/system_stm32f4xx.o
                              0xd2c0a (size before relaxing)
 .debug_str     0x000de5d9        0x0 ./Core/Startup/startup_stm32f429zitx.o
                                 0x6b (size before relaxing)
 .debug_str     0x000de5d9        0x0 ./Drivers/STM32F4xx_HAL_Driver/Src/stm32f4xx_hal.o
                              0xd382d (size before relaxing)
 .debug_str     0x000de5d9        0x0 ./Drivers/STM32F4xx_HAL_Driver/Src/stm32f4xx_hal_cortex.o
                              0xd355b (size before relaxing)
 .debug_str     0x000de5d9        0x0 ./Drivers/STM32F4xx_HAL_Driver/Src/stm32f4xx_hal_dma.o
                              0xd3011 (size before relaxing)
 .debug_str     0x000de5d9        0x0 ./Drivers/STM32F4xx_HAL_Driver/Src/stm32f4xx_hal_dma2d.o
                              0xd31e6 (size before relaxing)
 .debug_str     0x000de5d9        0x0 ./Drivers/STM32F4xx_HAL_Driver/Src/stm32f4xx_hal_gpio.o
                              0xd2d85 (size before relaxing)
 .debug_str     0x000de5d9        0x0 ./Drivers/STM32F4xx_HAL_Driver/Src/stm32f4xx_hal_i2c.o
                              0xd3c1a (size before relaxing)
 .debug_str     0x000de5d9        0x0 ./Drivers/STM32F4xx_HAL_Driver/Src/stm32f4xx_hal_i2c_ex.o
                              0xd2fd9 (size before relaxing)
 .debug_str     0x000de5d9        0x0 ./Drivers/STM32F4xx_HAL_Driver/Src/stm32f4xx_hal_ltdc.o
                              0xd326e (size before relaxing)
 .debug_str     0x000de5d9        0x0 ./Drivers/STM32F4xx_HAL_Driver/Src/stm32f4xx_hal_rcc.o
                              0xd303e (size before relaxing)
 .debug_str     0x000de5d9        0x0 ./Drivers/STM32F4xx_HAL_Driver/Src/stm32f4xx_hal_rcc_ex.o
                              0xd2e05 (size before relaxing)
 .debug_str     0x000de5d9        0x0 ./Drivers/STM32F4xx_HAL_Driver/Src/stm32f4xx_hal_sdram.o
                              0xd332a (size before relaxing)
 .debug_str     0x000de5d9        0x0 ./Drivers/STM32F4xx_HAL_Driver/Src/stm32f4xx_hal_spi.o
                              0xd34b5 (size before relaxing)
 .debug_str     0x000de5d9        0x0 ./Drivers/STM32F4xx_HAL_Driver/Src/stm32f4xx_ll_fmc.o
                              0xd37f4 (size before relaxing)

.comment        0x00000000       0x43
 .comment       0x00000000       0x43 ./Core/Src/font16.o
                                 0x44 (size before relaxing)
 .comment       0x00000043        0x0 ./Core/Src/font24.o
                                 0x44 (size before relaxing)
 .comment       0x00000043        0x0 ./Core/Src/ili9341.o
                                 0x44 (size before relaxing)
 .comment       0x00000043        0x0 ./Core/Src/main.o
                                 0x44 (size before relaxing)
 .comment       0x00000043        0x0 ./Core/Src/stm32f429i_discovery.o
                                 0x44 (size before relaxing)
 .comment       0x00000043        0x0 ./Core/Src/stm32f429i_discovery_lcd.o
                                 0x44 (size before relaxing)
 .comment       0x00000043        0x0 ./Core/Src/stm32f429i_discovery_sdram.o
                                 0x44 (size before relaxing)
 .comment       0x00000043        0x0 ./Core/Src/stm32f4xx_hal_msp.o
                                 0x44 (size before relaxing)
 .comment       0x00000043        0x0 ./Core/Src/stm32f4xx_it.o
                                 0x44 (size before relaxing)
 .comment       0x00000043        0x0 ./Core/Src/sysmem.o
                                 0x44 (size before relaxing)
 .comment       0x00000043        0x0 ./Core/Src/system_stm32f4xx.o
                                 0x44 (size before relaxing)
 .comment       0x00000043        0x0 ./Drivers/STM32F4xx_HAL_Driver/Src/stm32f4xx_hal.o
                                 0x44 (size before relaxing)
 .comment       0x00000043        0x0 ./Drivers/STM32F4xx_HAL_Driver/Src/stm32f4xx_hal_cortex.o
                                 0x44 (size before relaxing)
 .comment       0x00000043        0x0 ./Drivers/STM32F4xx_HAL_Driver/Src/stm32f4xx_hal_dma.o
                                 0x44 (size before relaxing)
 .comment       0x00000043        0x0 ./Drivers/STM32F4xx_HAL_Driver/Src/stm32f4xx_hal_dma2d.o
                                 0x44 (size before relaxing)
 .comment       0x00000043        0x0 ./Drivers/STM32F4xx_HAL_Driver/Src/stm32f4xx_hal_gpio.o
                                 0x44 (size before relaxing)
 .comment       0x00000043        0x0 ./Drivers/STM32F4xx_HAL_Driver/Src/stm32f4xx_hal_i2c.o
                                 0x44 (size before relaxing)
 .comment       0x00000043        0x0 ./Drivers/STM32F4xx_HAL_Driver/Src/stm32f4xx_hal_i2c_ex.o
                                 0x44 (size before relaxing)
 .comment       0x00000043        0x0 ./Drivers/STM32F4xx_HAL_Driver/Src/stm32f4xx_hal_ltdc.o
                                 0x44 (size before relaxing)
 .comment       0x00000043        0x0 ./Drivers/STM32F4xx_HAL_Driver/Src/stm32f4xx_hal_rcc.o
                                 0x44 (size before relaxing)
 .comment       0x00000043        0x0 ./Drivers/STM32F4xx_HAL_Driver/Src/stm32f4xx_hal_rcc_ex.o
                                 0x44 (size before relaxing)
 .comment       0x00000043        0x0 ./Drivers/STM32F4xx_HAL_Driver/Src/stm32f4xx_hal_sdram.o
                                 0x44 (size before relaxing)
 .comment       0x00000043        0x0 ./Drivers/STM32F4xx_HAL_Driver/Src/stm32f4xx_hal_spi.o
                                 0x44 (size before relaxing)
 .comment       0x00000043        0x0 ./Drivers/STM32F4xx_HAL_Driver/Src/stm32f4xx_ll_fmc.o
                                 0x44 (size before relaxing)

.debug_rnglists
                0x00000000      0xdfc
 .debug_rnglists
                0x00000000       0x44 ./Core/Src/ili9341.o
 .debug_rnglists
                0x00000044       0x49 ./Core/Src/main.o
 .debug_rnglists
                0x0000008d       0xea ./Core/Src/stm32f429i_discovery.o
 .debug_rnglists
                0x00000177      0x14d ./Core/Src/stm32f429i_discovery_lcd.o
 .debug_rnglists
                0x000002c4       0x4c ./Core/Src/stm32f429i_discovery_sdram.o
 .debug_rnglists
                0x00000310       0x60 ./Core/Src/stm32f4xx_hal_msp.o
 .debug_rnglists
                0x00000370       0x43 ./Core/Src/stm32f4xx_it.o
 .debug_rnglists
                0x000003b3       0x13 ./Core/Src/sysmem.o
 .debug_rnglists
                0x000003c6       0x1a ./Core/Src/system_stm32f4xx.o
 .debug_rnglists
                0x000003e0       0x19 ./Core/Startup/startup_stm32f429zitx.o
 .debug_rnglists
                0x000003f9       0xbb ./Drivers/STM32F4xx_HAL_Driver/Src/stm32f4xx_hal.o
 .debug_rnglists
                0x000004b4       0xe0 ./Drivers/STM32F4xx_HAL_Driver/Src/stm32f4xx_hal_cortex.o
 .debug_rnglists
                0x00000594       0x70 ./Drivers/STM32F4xx_HAL_Driver/Src/stm32f4xx_hal_dma.o
 .debug_rnglists
                0x00000604       0xdc ./Drivers/STM32F4xx_HAL_Driver/Src/stm32f4xx_hal_dma2d.o
 .debug_rnglists
                0x000006e0       0x3f ./Drivers/STM32F4xx_HAL_Driver/Src/stm32f4xx_hal_gpio.o
 .debug_rnglists
                0x0000071f      0x23c ./Drivers/STM32F4xx_HAL_Driver/Src/stm32f4xx_hal_i2c.o
 .debug_rnglists
                0x0000095b       0x19 ./Drivers/STM32F4xx_HAL_Driver/Src/stm32f4xx_hal_i2c_ex.o
 .debug_rnglists
                0x00000974      0x10a ./Drivers/STM32F4xx_HAL_Driver/Src/stm32f4xx_hal_ltdc.o
 .debug_rnglists
                0x00000a7e       0x66 ./Drivers/STM32F4xx_HAL_Driver/Src/stm32f4xx_hal_rcc.o
 .debug_rnglists
                0x00000ae4       0x43 ./Drivers/STM32F4xx_HAL_Driver/Src/stm32f4xx_hal_rcc_ex.o
 .debug_rnglists
                0x00000b27       0xb1 ./Drivers/STM32F4xx_HAL_Driver/Src/stm32f4xx_hal_sdram.o
 .debug_rnglists
                0x00000bd8      0x16f ./Drivers/STM32F4xx_HAL_Driver/Src/stm32f4xx_hal_spi.o
 .debug_rnglists
                0x00000d47       0xb5 ./Drivers/STM32F4xx_HAL_Driver/Src/stm32f4xx_ll_fmc.o

.debug_frame    0x00000000     0x5128
 .debug_frame   0x00000000      0x12c ./Core/Src/ili9341.o
 .debug_frame   0x0000012c      0x12c ./Core/Src/main.o
 .debug_frame   0x00000258      0x4ec ./Core/Src/stm32f429i_discovery.o
 .debug_frame   0x00000744      0x75c ./Core/Src/stm32f429i_discovery_lcd.o
 .debug_frame   0x00000ea0      0x168 ./Core/Src/stm32f429i_discovery_sdram.o
 .debug_frame   0x00001008      0x1ec ./Core/Src/stm32f4xx_hal_msp.o
 .debug_frame   0x000011f4      0x104 ./Core/Src/stm32f4xx_it.o
 .debug_frame   0x000012f8       0x34 ./Core/Src/sysmem.o
 .debug_frame   0x0000132c       0x58 ./Core/Src/system_stm32f4xx.o
 .debug_frame   0x00001384      0x3b4 ./Drivers/STM32F4xx_HAL_Driver/Src/stm32f4xx_hal.o
 .debug_frame   0x00001738      0x508 ./Drivers/STM32F4xx_HAL_Driver/Src/stm32f4xx_hal_cortex.o
 .debug_frame   0x00001c40      0x250 ./Drivers/STM32F4xx_HAL_Driver/Src/stm32f4xx_hal_dma.o
 .debug_frame   0x00001e90      0x4e0 ./Drivers/STM32F4xx_HAL_Driver/Src/stm32f4xx_hal_dma2d.o
 .debug_frame   0x00002370      0x14c ./Drivers/STM32F4xx_HAL_Driver/Src/stm32f4xx_hal_gpio.o
 .debug_frame   0x000024bc      0xc84 ./Drivers/STM32F4xx_HAL_Driver/Src/stm32f4xx_hal_i2c.o
 .debug_frame   0x00003140       0x60 ./Drivers/STM32F4xx_HAL_Driver/Src/stm32f4xx_hal_i2c_ex.o
 .debug_frame   0x000031a0      0x61c ./Drivers/STM32F4xx_HAL_Driver/Src/stm32f4xx_hal_ltdc.o
 .debug_frame   0x000037bc      0x1f4 ./Drivers/STM32F4xx_HAL_Driver/Src/stm32f4xx_hal_rcc.o
 .debug_frame   0x000039b0      0x13c ./Drivers/STM32F4xx_HAL_Driver/Src/stm32f4xx_hal_rcc_ex.o
 .debug_frame   0x00003aec      0x3e8 ./Drivers/STM32F4xx_HAL_Driver/Src/stm32f4xx_hal_sdram.o
 .debug_frame   0x00003ed4      0x828 ./Drivers/STM32F4xx_HAL_Driver/Src/stm32f4xx_hal_spi.o
 .debug_frame   0x000046fc      0x440 ./Drivers/STM32F4xx_HAL_Driver/Src/stm32f4xx_ll_fmc.o
 .debug_frame   0x00004b3c      0x144 C:/ST/STM32CubeIDE_2.0.0/STM32CubeIDE/plugins/com.st.stm32cube.ide.mcu.externaltools.gnu-tools-for-stm32.13.3.rel1.win32_1.0.100.202509120712/tools/bin/../lib/gcc/arm-none-eabi/13.3.1/../../../../arm-none-eabi/lib/thumb/v7e-m+fp/hard\libc_nano.a(libc_a-findfp.o)
 .debug_frame   0x00004c80       0x74 C:/ST/STM32CubeIDE_2.0.0/STM32CubeIDE/plugins/com.st.stm32cube.ide.mcu.externaltools.gnu-tools-for-stm32.13.3.rel1.win32_1.0.100.202509120712/tools/bin/../lib/gcc/arm-none-eabi/13.3.1/../../../../arm-none-eabi/lib/thumb/v7e-m+fp/hard\libc_nano.a(libc_a-sprintf.o)